[INFO] Scanning for projects...
[INFO] 
[INFO] --------------------< com.rentspotter:RentSpotter >---------------------
[INFO] Building RentSpotter 0.0.1-SNAPSHOT
[INFO]   from pom.xml
[INFO] --------------------------------[ jar ]---------------------------------
[INFO] 
[INFO] --- clean:3.4.0:clean (default-clean) @ RentSpotter ---
[INFO] Deleting D:\workspace\RentSpotter\backend\target
[INFO] 
[INFO] --- resources:3.3.1:resources (default-resources) @ RentSpotter ---
[INFO] Copying 1 resource from src\main\resources to target\classes
[INFO] Copying 0 resource from src\main\resources to target\classes
[INFO] 
[INFO] --- compiler:3.13.0:compile (default-compile) @ RentSpotter ---
[INFO] Recompiling the module because of changed source code.
[INFO] Compiling 15 source files with javac [debug parameters release 17] to target\classes
[INFO] 
[INFO] --- resources:3.3.1:testResources (default-testResources) @ RentSpotter ---
[INFO] skip non existing resourceDirectory D:\workspace\RentSpotter\backend\src\test\resources
[INFO] 
[INFO] --- compiler:3.13.0:testCompile (default-testCompile) @ RentSpotter ---
[INFO] Recompiling the module because of changed dependency.
[INFO] Compiling 1 source file with javac [debug parameters release 17] to target\test-classes
[INFO] 
[INFO] --- surefire:3.5.2:test (default-test) @ RentSpotter ---
[INFO] Using auto detected provider org.apache.maven.surefire.junitplatform.JUnitPlatformProvider
[INFO] 
[INFO] -------------------------------------------------------
[INFO]  T E S T S
[INFO] -------------------------------------------------------
[INFO] Running com.rentspotter.RentSpotter.RentSpotterApplicationTests
13:25:07.865 [main] INFO org.springframework.test.context.support.AnnotationConfigContextLoaderUtils -- Could not detect default configuration classes for test class [com.rentspotter.RentSpotter.RentSpotterApplicationTests]: RentSpotterApplicationTests does not declare any static, non-private, non-final, nested classes annotated with @Configuration.
13:25:08.033 [main] INFO org.springframework.boot.test.context.SpringBootTestContextBootstrapper -- Found @SpringBootConfiguration com.rentspotter.RentSpotter.RentSpotterApplication for test class com.rentspotter.RentSpotter.RentSpotterApplicationTests
13:25:08.272 [main] INFO org.springframework.boot.devtools.restart.RestartApplicationListener -- Restart disabled due to context in which it is running

  .   ____          _            __ _ _
 /\\ / ___'_ __ _ _(_)_ __  __ _ \ \ \ \
( ( )\___ | '_ | '_| | '_ \/ _` | \ \ \ \
 \\/  ___)| |_)| | | | | || (_| |  ) ) ) )
  '  |____| .__|_| |_|_| |_\__, | / / / /
 =========|_|==============|___/=/_/_/_/

 :: Spring Boot ::                (v3.4.0)

2025-12-26T13:25:08.628+08:00  INFO 6428 --- [RentSpotter] [           main] c.r.R.RentSpotterApplicationTests        : Starting RentSpotterApplicationTests using Java 19.0.1 with PID 6428 (started by Acer in D:\workspace\RentSpotter\backend)
2025-12-26T13:25:08.630+08:00  INFO 6428 --- [RentSpotter] [           main] c.r.R.RentSpotterApplicationTests        : No active profile set, falling back to 1 default profile: "default"
2025-12-26T13:25:09.601+08:00  INFO 6428 --- [RentSpotter] [           main] .s.d.r.c.RepositoryConfigurationDelegate : Bootstrapping Spring Data MongoDB repositories in DEFAULT mode.
2025-12-26T13:25:09.713+08:00  INFO 6428 --- [RentSpotter] [           main] .s.d.r.c.RepositoryConfigurationDelegate : Finished Spring Data repository scanning in 94 ms. Found 3 MongoDB repository interfaces.
2025-12-26T13:25:10.100+08:00  WARN 6428 --- [RentSpotter] [           main] trationDelegate$BeanPostProcessorChecker : Bean 'de.flapdoodle.embed.mongo.spring.autoconfigure.EmbeddedMongoAutoConfiguration' of type [de.flapdoodle.embed.mongo.spring.autoconfigure.EmbeddedMongoAutoConfiguration] is not eligible for getting processed by all BeanPostProcessors (for example: not eligible for auto-proxying). The currently created BeanPostProcessor [fixTransactionAndAuth] is declared through a non-static factory method on that class; consider declaring it as static instead.
2025-12-26T13:25:10.124+08:00  WARN 6428 --- [RentSpotter] [           main] trationDelegate$BeanPostProcessorChecker : Bean 'de.flapdoodle.mongodb.embedded-de.flapdoodle.embed.mongo.spring.autoconfigure.EmbeddedMongoProperties' of type [de.flapdoodle.embed.mongo.spring.autoconfigure.EmbeddedMongoProperties] is not eligible for getting processed by all BeanPostProcessors (for example: not eligible for auto-proxying). Is this bean getting eagerly injected/applied to a currently created BeanPostProcessor [fixTransactionAndAuth]? Check the corresponding BeanPostProcessor declaration and its dependencies/advisors. If this bean does not have to be post-processed, declare it with ROLE_INFRASTRUCTURE.
2025-12-26T13:25:25.351+08:00  WARN 6428 --- [RentSpotter] [           main] o.s.w.c.s.GenericWebApplicationContext   : Exception encountered during context initialization - cancelling refresh attempt: org.springframework.beans.factory.UnsatisfiedDependencyException: Error creating bean with name 'fixTransactionAndAuth' defined in class path resource [de/flapdoodle/embed/mongo/spring/autoconfigure/EmbeddedMongoAutoConfiguration.class]: Unsatisfied dependency expressed through method 'fixTransactionAndAuth' parameter 1: Error creating bean with name 'net' defined in class path resource [de/flapdoodle/embed/mongo/spring/autoconfigure/EmbeddedMongoAutoConfiguration.class]: Failed to instantiate [de.flapdoodle.embed.mongo.config.Net]: Factory method 'net' threw exception with message: Failed looking up TXT record for host cluster0.dknkkoi.mongodb.net
./mvnw : 
At line:1 char:1
+ ./mvnw clean 
package 
-Posgi-bundle > 
build_error.log 2>&1
+ ~~~~~~~~~~~~~~~~~~~
~~~~~~~~~~~~~~~~~~~~~
~~~~~~~~~~~~~~~~~
    + CategoryInfo   
           : NotSpe  
  cified: (:String   
 ) [], RemoteExce    
ption
    + FullyQualified 
   ErrorId : Native  
  CommandError
 


=====================
=======
CONDITIONS 
EVALUATION REPORT
=====================
=======


Positive matches:
-----------------

   
AopAutoConfiguration 
matched:
      - @ConditionalO
nProperty (spring.aop
.auto=true) matched 
(OnPropertyCondition)

   AopAutoConfigurati
on.ClassProxyingConfi
guration matched:
      - @ConditionalO
nMissingClass did 
not find unwanted 
class 'org.aspectj.we
aver.Advice' 
(OnClassCondition)
      - @ConditionalO
nProperty (spring.aop
.proxy-target-class=t
rue) matched 
(OnPropertyCondition)

   ApplicationAvailab
ilityAutoConfiguratio
n#applicationAvailabi
lity matched:
      - @ConditionalO
nMissingBean (types: 
org.springframework.b
oot.availability.Appl
icationAvailability; 
SearchStrategy: all) 
did not find any 
beans 
(OnBeanCondition)

   DispatcherServletA
utoConfiguration 
matched:
      - 
@ConditionalOnClass 
found required class 
'org.springframework.
web.servlet.Dispatche
rServlet' 
(OnClassCondition)
      - found 
'session' scope (OnWe
bApplicationCondition
)

   DispatcherServletA
utoConfiguration.Disp
atcherServletConfigur
ation matched:
      - 
@ConditionalOnClass 
found required class 
'jakarta.servlet.Serv
letRegistration' 
(OnClassCondition)
      - Default 
DispatcherServlet 
did not find 
dispatcher servlet 
beans (DispatcherServ
letAutoConfiguration.
DefaultDispatcherServ
letCondition)

   DispatcherServletA
utoConfiguration.Disp
atcherServletRegistra
tionConfiguration 
matched:
      - 
@ConditionalOnClass 
found required class 
'jakarta.servlet.Serv
letRegistration' 
(OnClassCondition)
      - 
DispatcherServlet 
Registration did not 
find servlet 
registration bean (Di
spatcherServletAutoCo
nfiguration.Dispatche
rServletRegistrationC
ondition)

   DispatcherServletA
utoConfiguration.Disp
atcherServletRegistra
tionConfiguration#dis
patcherServletRegistr
ation matched:
      - 
@ConditionalOnBean 
(names: 
dispatcherServlet 
types: org.springfram
ework.web.servlet.Dis
patcherServlet; 
SearchStrategy: all) 
found bean 
'dispatcherServlet' 
(OnBeanCondition)

   EmbeddedMongoAutoC
onfiguration matched:
      - 
@ConditionalOnClass 
found required 
classes 'com.mongodb.
MongoClientSettings',
 'de.flapdoodle.embed
.mongo.transitions.Mo
ngod' 
(OnClassCondition)

   EmbeddedMongoAutoC
onfiguration#mongod 
matched:
      - @ConditionalO
nMissingBean (types: 
de.flapdoodle.embed.m
ongo.transitions.Mong
od; SearchStrategy: 
all) did not find 
any beans 
(OnBeanCondition)

   EmbeddedMongoAutoC
onfiguration#mongodAr
guments matched:
      - @ConditionalO
nMissingBean (types: 
de.flapdoodle.embed.m
ongo.commands.MongodA
rguments; 
SearchStrategy: all) 
did not find any 
beans 
(OnBeanCondition)

   EmbeddedMongoAutoC
onfiguration#processO
utput matched:
      - @ConditionalO
nMissingBean (types: 
de.flapdoodle.embed.p
rocess.io.ProcessOutp
ut; SearchStrategy: 
all) did not find 
any beans 
(OnBeanCondition)

   EmbeddedMongoAutoC
onfiguration#progress
Listener matched:
      - @ConditionalO
nMissingBean (types: 
de.flapdoodle.embed.p
rocess.io.progress.Pr
ogressListener; 
SearchStrategy: all) 
did not find any 
beans 
(OnBeanCondition)

   EmbeddedMongoAutoC
onfiguration#version 
matched:
      - @ConditionalO
nMissingBean (types: 
de.flapdoodle.embed.m
ongo.distribution.IFe
atureAwareVersion; 
SearchStrategy: all) 
did not find any 
beans 
(OnBeanCondition)

   EmbeddedMongoAutoC
onfiguration.Embedded
MongoClientDependsOnB
eanFactoryPostProcess
or matched:
      - 
@ConditionalOnClass 
found required 
classes 'com.mongodb.
client.MongoClient', 
'org.springframework.
data.mongodb.core.Mon
goClientFactoryBean' 
(OnClassCondition)

   EmbeddedMongoAutoC
onfiguration.MongoPro
pertiesDependsOnBeanF
actoryPostProcessor 
matched:
      - 
@ConditionalOnClass 
found required class 
'org.springframework.
boot.autoconfigure.mo
ngo.MongoProperties' 
(OnClassCondition)

   EmbeddedMongoAutoC
onfiguration.SyncClie
ntServerWrapperConfig
 matched:
      - 
@ConditionalOnClass 
found required 
classes 'com.mongodb.
client.MongoClient', 
'org.springframework.
data.mongodb.core.Mon
goClientFactoryBean' 
(OnClassCondition)

   EmbeddedMongoAutoC
onfiguration.SyncClie
ntServerWrapperConfig
#syncClientServerWrap
per matched:
      - @ConditionalO
nMissingBean (types: 
de.flapdoodle.embed.m
ongo.spring.autoconfi
gure.MongodWrapper; 
SearchStrategy: all) 
did not find any 
beans 
(OnBeanCondition)

   ErrorMvcAutoConfig
uration matched:
      - 
@ConditionalOnClass 
found required 
classes 'jakarta.serv
let.Servlet', 'org.sp
ringframework.web.ser
vlet.DispatcherServle
t' (OnClassCondition)
      - found 
'session' scope (OnWe
bApplicationCondition
)

   ErrorMvcAutoConfig
uration#basicErrorCon
troller matched:
      - @ConditionalO
nMissingBean (types: 
org.springframework.b
oot.web.servlet.error
.ErrorController; 
SearchStrategy: 
current) did not 
find any beans 
(OnBeanCondition)

   ErrorMvcAutoConfig
uration#errorAttribut
es matched:
      - @ConditionalO
nMissingBean (types: 
org.springframework.b
oot.web.servlet.error
.ErrorAttributes; 
SearchStrategy: 
current) did not 
find any beans 
(OnBeanCondition)

   ErrorMvcAutoConfig
uration.DefaultErrorV
iewResolverConfigurat
ion#conventionErrorVi
ewResolver matched:
      - 
@ConditionalOnBean 
(types: org.springfra
mework.web.servlet.Di
spatcherServlet; 
SearchStrategy: all) 
found bean 
'dispatcherServlet'; 
@ConditionalOnMissing
Bean (types: org.spri
ngframework.boot.auto
configure.web.servlet
.error.ErrorViewResol
ver; SearchStrategy: 
all) did not find 
any beans 
(OnBeanCondition)

   ErrorMvcAutoConfig
uration.WhitelabelErr
orViewConfiguration 
matched:
      - @ConditionalO
nProperty (server.err
or.whitelabel.enabled
) matched 
(OnPropertyCondition)
      - 
ErrorTemplate 
Missing did not find 
error template view (
ErrorMvcAutoConfigura
tion.ErrorTemplateMis
singCondition)

   ErrorMvcAutoConfig
uration.WhitelabelErr
orViewConfiguration#b
eanNameViewResolver 
matched:
      - @ConditionalO
nMissingBean (types: 
org.springframework.w
eb.servlet.view.BeanN
ameViewResolver; 
SearchStrategy: all) 
did not find any 
beans 
(OnBeanCondition)

   ErrorMvcAutoConfig
uration.WhitelabelErr
orViewConfiguration#d
efaultErrorView 
matched:
      - @ConditionalO
nMissingBean (names: 
error; 
SearchStrategy: all) 
did not find any 
beans 
(OnBeanCondition)

   GenericCacheConfig
uration matched:
      - Cache org.spr
ingframework.boot.aut
oconfigure.cache.Gene
ricCacheConfiguration
 automatic cache 
type (CacheCondition)

   HttpClientAutoConf
iguration matched:
      - 
@ConditionalOnClass 
found required class 
'org.springframework.
http.client.ClientHtt
pRequestFactory' 
(OnClassCondition)
      - 
NoneNestedConditions 
0 matched 1 did not; 
NestedCondition on No
tReactiveWebApplicati
onCondition.ReactiveW
ebApplication did 
not find reactive 
web application 
classes (NotReactiveW
ebApplicationConditio
n)

   HttpClientAutoConf
iguration#clientHttpR
equestFactoryBuilder 
matched:
      - @ConditionalO
nMissingBean (types: 
org.springframework.b
oot.http.client.Clien
tHttpRequestFactoryBu
ilder; 
SearchStrategy: all) 
did not find any 
beans 
(OnBeanCondition)

   HttpClientAutoConf
iguration#clientHttpR
equestFactorySettings
 matched:
      - @ConditionalO
nMissingBean (types: 
org.springframework.b
oot.http.client.Clien
tHttpRequestFactorySe
ttings; 
SearchStrategy: all) 
did not find any 
beans 
(OnBeanCondition)

   HttpEncodingAutoCo
nfiguration matched:
      - 
@ConditionalOnClass 
found required class 
'org.springframework.
web.filter.CharacterE
ncodingFilter' 
(OnClassCondition)
      - found 
'session' scope (OnWe
bApplicationCondition
)
      - @ConditionalO
nProperty (server.ser
vlet.encoding.enabled
) matched 
(OnPropertyCondition)

   HttpEncodingAutoCo
nfiguration#character
EncodingFilter 
matched:
      - @ConditionalO
nMissingBean (types: 
org.springframework.w
eb.filter.CharacterEn
codingFilter; 
SearchStrategy: all) 
did not find any 
beans 
(OnBeanCondition)

   HttpMessageConvert
ersAutoConfiguration 
matched:
      - 
@ConditionalOnClass 
found required class 
'org.springframework.
http.converter.HttpMe
ssageConverter' 
(OnClassCondition)
      - 
NoneNestedConditions 
0 matched 1 did not; 
NestedCondition on Ht
tpMessageConvertersAu
toConfiguration.NotRe
activeWebApplicationC
ondition.ReactiveWebA
pplication did not 
find reactive web 
application classes (
HttpMessageConverters
AutoConfiguration.Not
ReactiveWebApplicatio
nCondition)

   HttpMessageConvert
ersAutoConfiguration#
messageConverters 
matched:
      - @ConditionalO
nMissingBean (types: 
org.springframework.b
oot.autoconfigure.htt
p.HttpMessageConverte
rs; SearchStrategy: 
all) did not find 
any beans 
(OnBeanCondition)

   HttpMessageConvert
ersAutoConfiguration.
StringHttpMessageConv
erterConfiguration 
matched:
      - 
@ConditionalOnClass 
found required class 
'org.springframework.
http.converter.String
HttpMessageConverter'
 (OnClassCondition)

   HttpMessageConvert
ersAutoConfiguration.
StringHttpMessageConv
erterConfiguration#st
ringHttpMessageConver
ter matched:
      - @ConditionalO
nMissingBean (types: 
org.springframework.h
ttp.converter.StringH
ttpMessageConverter; 
SearchStrategy: all) 
did not find any 
beans 
(OnBeanCondition)

   JacksonAutoConfigu
ration matched:
      - 
@ConditionalOnClass 
found required class 
'com.fasterxml.jackso
n.databind.ObjectMapp
er' 
(OnClassCondition)

   JacksonAutoConfigu
ration.Jackson2Object
MapperBuilderCustomiz
erConfiguration 
matched:
      - 
@ConditionalOnClass 
found required class 
'org.springframework.
http.converter.json.J
ackson2ObjectMapperBu
ilder' 
(OnClassCondition)

   JacksonAutoConfigu
ration.JacksonObjectM
apperBuilderConfigura
tion matched:
      - 
@ConditionalOnClass 
found required class 
'org.springframework.
http.converter.json.J
ackson2ObjectMapperBu
ilder' 
(OnClassCondition)

   JacksonAutoConfigu
ration.JacksonObjectM
apperBuilderConfigura
tion#jacksonObjectMap
perBuilder matched:
      - @ConditionalO
nMissingBean (types: 
org.springframework.h
ttp.converter.json.Ja
ckson2ObjectMapperBui
lder; 
SearchStrategy: all) 
did not find any 
beans 
(OnBeanCondition)

   JacksonAutoConfigu
ration.JacksonObjectM
apperConfiguration 
matched:
      - 
@ConditionalOnClass 
found required class 
'org.springframework.
http.converter.json.J
ackson2ObjectMapperBu
ilder' 
(OnClassCondition)

   JacksonAutoConfigu
ration.JacksonObjectM
apperConfiguration#ja
cksonObjectMapper 
matched:
      - @ConditionalO
nMissingBean (types: 
com.fasterxml.jackson
.databind.ObjectMappe
r; SearchStrategy: 
all) did not find 
any beans 
(OnBeanCondition)

   JacksonAutoConfigu
ration.ParameterNames
ModuleConfiguration 
matched:
      - 
@ConditionalOnClass 
found required class 
'com.fasterxml.jackso
n.module.paramnames.P
arameterNamesModule' 
(OnClassCondition)

   JacksonAutoConfigu
ration.ParameterNames
ModuleConfiguration#p
arameterNamesModule 
matched:
      - @ConditionalO
nMissingBean (types: 
com.fasterxml.jackson
.module.paramnames.Pa
rameterNamesModule; 
SearchStrategy: all) 
did not find any 
beans 
(OnBeanCondition)

   JacksonHttpMessage
ConvertersConfigurati
on.MappingJackson2Htt
pMessageConverterConf
iguration matched:
      - 
@ConditionalOnClass 
found required class 
'com.fasterxml.jackso
n.databind.ObjectMapp
er' 
(OnClassCondition)
      - @ConditionalO
nProperty (spring.mvc
.converters.preferred
-json-mapper=jackson)
 matched 
(OnPropertyCondition)
      - 
@ConditionalOnBean 
(types: com.fasterxml
.jackson.databind.Obj
ectMapper; 
SearchStrategy: all) 
found bean 'jacksonOb
jectMapper' 
(OnBeanCondition)

   JacksonHttpMessage
ConvertersConfigurati
on.MappingJackson2Htt
pMessageConverterConf
iguration#mappingJack
son2HttpMessageConver
ter matched:
      - @ConditionalO
nMissingBean (types: 
org.springframework.h
ttp.converter.json.Ma
ppingJackson2HttpMess
ageConverter 
ignored: org.springfr
amework.hateoas.serve
r.mvc.TypeConstrained
MappingJackson2HttpMe
ssageConverter,org.sp
ringframework.data.re
st.webmvc.alps.AlpsJs
onHttpMessageConverte
r; SearchStrategy: 
all) did not find 
any beans 
(OnBeanCondition)

   LifecycleAutoConfi
guration#defaultLifec
ycleProcessor 
matched:
      - @ConditionalO
nMissingBean (names: 
lifecycleProcessor; 
SearchStrategy: 
current) did not 
find any beans 
(OnBeanCondition)

   MongoAutoConfigura
tion matched:
      - 
@ConditionalOnClass 
found required class 
'com.mongodb.client.M
ongoClient' 
(OnClassCondition)
      - @ConditionalO
nMissingBean (types: 
org.springframework.d
ata.mongodb.MongoData
baseFactory; 
SearchStrategy: all) 
did not find any 
beans 
(OnBeanCondition)

   MongoAutoConfigura
tion#mongo matched:
      - @ConditionalO
nMissingBean (types: 
com.mongodb.client.Mo
ngoClient; 
SearchStrategy: all) 
did not find any 
beans 
(OnBeanCondition)

   MongoAutoConfigura
tion#mongoConnectionD
etails matched:
      - @ConditionalO
nMissingBean (types: 
org.springframework.b
oot.autoconfigure.mon
go.MongoConnectionDet
ails; 
SearchStrategy: all) 
did not find any 
beans 
(OnBeanCondition)

   MongoAutoConfigura
tion.MongoClientSetti
ngsConfiguration 
matched:
      - @ConditionalO
nMissingBean (types: 
com.mongodb.MongoClie
ntSettings; 
SearchStrategy: all) 
did not find any 
beans 
(OnBeanCondition)

   MongoDataAutoConfi
guration matched:
      - 
@ConditionalOnClass 
found required 
classes 'com.mongodb.
client.MongoClient', 
'org.springframework.
data.mongodb.core.Mon
goTemplate' 
(OnClassCondition)

   MongoDataConfigura
tion#mappingMongoConv
erter matched:
      - @ConditionalO
nMissingBean (types: 
org.springframework.d
ata.mongodb.core.conv
ert.MongoConverter; 
SearchStrategy: all) 
did not find any 
beans 
(OnBeanCondition)

   MongoDataConfigura
tion#mongoCustomConve
rsions matched:
      - @ConditionalO
nMissingBean (types: 
org.springframework.d
ata.mongodb.core.conv
ert.MongoCustomConver
sions; 
SearchStrategy: all) 
did not find any 
beans 
(OnBeanCondition)

   MongoDataConfigura
tion#mongoManagedType
s matched:
      - @ConditionalO
nMissingBean (types: 
org.springframework.d
ata.mongodb.MongoMana
gedTypes; 
SearchStrategy: all) 
did not find any 
beans 
(OnBeanCondition)

   MongoDataConfigura
tion#mongoMappingCont
ext matched:
      - @ConditionalO
nMissingBean (types: 
org.springframework.d
ata.mongodb.core.mapp
ing.MongoMappingConte
xt; SearchStrategy: 
all) did not find 
any beans 
(OnBeanCondition)

   MongoDatabaseFacto
ryConfiguration 
matched:
      - @ConditionalO
nSingleCandidate 
(types: com.mongodb.c
lient.MongoClient; 
SearchStrategy: all) 
found a single bean 
'mongo'; @Conditional
OnMissingBean 
(types: org.springfra
mework.data.mongodb.M
ongoDatabaseFactory; 
SearchStrategy: all) 
did not find any 
beans 
(OnBeanCondition)

   MongoDatabaseFacto
ryDependentConfigurat
ion matched:
      - 
@ConditionalOnBean 
(types: org.springfra
mework.data.mongodb.M
ongoDatabaseFactory; 
SearchStrategy: all) 
found bean 'mongoData
baseFactory' 
(OnBeanCondition)

   MongoDatabaseFacto
ryDependentConfigurat
ion#gridFsTemplate 
matched:
      - @ConditionalO
nMissingBean (types: 
org.springframework.d
ata.mongodb.gridfs.Gr
idFsOperations; 
SearchStrategy: all) 
did not find any 
beans 
(OnBeanCondition)

   MongoDatabaseFacto
ryDependentConfigurat
ion#mongoTemplate 
matched:
      - @ConditionalO
nMissingBean (types: 
org.springframework.d
ata.mongodb.core.Mong
oOperations; 
SearchStrategy: all) 
did not find any 
beans 
(OnBeanCondition)

   MongoRepositoriesA
utoConfiguration 
matched:
      - 
@ConditionalOnClass 
found required 
classes 'com.mongodb.
client.MongoClient', 
'org.springframework.
data.mongodb.reposito
ry.MongoRepository' 
(OnClassCondition)
      - @ConditionalO
nRepositoryType 
configured type of 
'AUTO' matched 
required type (OnRepo
sitoryTypeCondition)
      - @ConditionalO
nMissingBean (types: 
org.springframework.d
ata.mongodb.repositor
y.support.MongoReposi
toryFactoryBean,org.s
pringframework.data.m
ongodb.repository.con
fig.MongoRepositoryCo
nfigurationExtension;
 SearchStrategy: 
all) did not find 
any beans 
(OnBeanCondition)

   MultipartAutoConfi
guration matched:
      - 
@ConditionalOnClass 
found required 
classes 'jakarta.serv
let.Servlet', 'org.sp
ringframework.web.mul
tipart.support.Standa
rdServletMultipartRes
olver', 'jakarta.serv
let.MultipartConfigEl
ement' 
(OnClassCondition)
      - found 
'session' scope (OnWe
bApplicationCondition
)
      - @ConditionalO
nProperty (spring.ser
vlet.multipart.enable
d) matched 
(OnPropertyCondition)

   MultipartAutoConfi
guration#multipartCon
figElement matched:
      - @ConditionalO
nMissingBean (types: 
jakarta.servlet.Multi
partConfigElement; 
SearchStrategy: all) 
did not find any 
beans 
(OnBeanCondition)

   MultipartAutoConfi
guration#multipartRes
olver matched:
      - @ConditionalO
nMissingBean (types: 
org.springframework.w
eb.multipart.Multipar
tResolver; 
SearchStrategy: all) 
did not find any 
beans 
(OnBeanCondition)

   NoOpCacheConfigura
tion matched:
      - Cache org.spr
ingframework.boot.aut
oconfigure.cache.NoOp
CacheConfiguration 
automatic cache type 
(CacheCondition)

   PersistenceExcepti
onTranslationAutoConf
iguration matched:
      - 
@ConditionalOnClass 
found required class 
'org.springframework.
dao.annotation.Persis
tenceExceptionTransla
tionPostProcessor' 
(OnClassCondition)

   PersistenceExcepti
onTranslationAutoConf
iguration#persistence
ExceptionTranslationP
ostProcessor matched:
      - @ConditionalO
nProperty (spring.dao
.exceptiontranslation
.enabled) matched 
(OnPropertyCondition)
      - @ConditionalO
nMissingBean (types: 
org.springframework.d
ao.annotation.Persist
enceExceptionTranslat
ionPostProcessor; 
SearchStrategy: all) 
did not find any 
beans 
(OnBeanCondition)

   PropertyPlaceholde
rAutoConfiguration#pr
opertySourcesPlacehol
derConfigurer 
matched:
      - @ConditionalO
nMissingBean (types: 
org.springframework.c
ontext.support.Proper
tySourcesPlaceholderC
onfigurer; 
SearchStrategy: 
current) did not 
find any beans 
(OnBeanCondition)

   RestClientAutoConf
iguration matched:
      - 
@ConditionalOnClass 
found required class 
'org.springframework.
web.client.RestClient
' (OnClassCondition)
      - 
NoneNestedConditions 
0 matched 1 did not; 
NestedCondition on No
tReactiveWebApplicati
onCondition.ReactiveW
ebApplication did 
not find reactive 
web application 
classes (NotReactiveW
ebApplicationConditio
n)

   RestClientAutoConf
iguration#httpMessage
ConvertersRestClientC
ustomizer matched:
      - @ConditionalO
nMissingBean (types: 
org.springframework.b
oot.autoconfigure.web
.client.HttpMessageCo
nvertersRestClientCus
tomizer; 
SearchStrategy: all) 
did not find any 
beans 
(OnBeanCondition)

   RestClientAutoConf
iguration#restClientB
uilder matched:
      - @ConditionalO
nMissingBean (types: 
org.springframework.w
eb.client.RestClient$
Builder; 
SearchStrategy: all) 
did not find any 
beans 
(OnBeanCondition)

   RestClientAutoConf
iguration#restClientB
uilderConfigurer 
matched:
      - @ConditionalO
nMissingBean (types: 
org.springframework.b
oot.autoconfigure.web
.client.RestClientBui
lderConfigurer; 
SearchStrategy: all) 
did not find any 
beans 
(OnBeanCondition)

   RestClientAutoConf
iguration#restClientS
sl matched:
      - 
@ConditionalOnBean 
(types: org.springfra
mework.boot.ssl.SslBu
ndles; 
SearchStrategy: all) 
found bean 
'sslBundleRegistry'; 
@ConditionalOnMissing
Bean (types: org.spri
ngframework.boot.auto
configure.web.client.
RestClientSsl; 
SearchStrategy: all) 
did not find any 
beans 
(OnBeanCondition)

   RestTemplateAutoCo
nfiguration matched:
      - 
@ConditionalOnClass 
found required class 
'org.springframework.
web.client.RestTempla
te' 
(OnClassCondition)
      - 
NoneNestedConditions 
0 matched 1 did not; 
NestedCondition on No
tReactiveWebApplicati
onCondition.ReactiveW
ebApplication did 
not find reactive 
web application 
classes (NotReactiveW
ebApplicationConditio
n)

   RestTemplateAutoCo
nfiguration#restTempl
ateBuilder matched:
      - @ConditionalO
nMissingBean (types: 
org.springframework.b
oot.web.client.RestTe
mplateBuilder; 
SearchStrategy: all) 
did not find any 
beans 
(OnBeanCondition)

   SecurityAutoConfig
uration matched:
      - 
@ConditionalOnClass 
found required class 
'org.springframework.
security.authenticati
on.DefaultAuthenticat
ionEventPublisher' 
(OnClassCondition)

   SecurityAutoConfig
uration#authenticatio
nEventPublisher 
matched:
      - @ConditionalO
nMissingBean (types: 
org.springframework.s
ecurity.authenticatio
n.AuthenticationEvent
Publisher; 
SearchStrategy: all) 
did not find any 
beans 
(OnBeanCondition)

   SecurityFilterAuto
Configuration 
matched:
      - 
@ConditionalOnClass 
found required 
classes 'org.springfr
amework.security.web.
context.AbstractSecur
ityWebApplicationInit
ializer', 'org.spring
framework.security.co
nfig.http.SessionCrea
tionPolicy' 
(OnClassCondition)
      - found 
'session' scope (OnWe
bApplicationCondition
)

   SecurityFilterAuto
Configuration#securit
yFilterChainRegistrat
ion matched:
      - 
@ConditionalOnBean 
(names: springSecurit
yFilterChain; 
SearchStrategy: all) 
found bean 'springSec
urityFilterChain' 
(OnBeanCondition)

   ServletWebServerFa
ctoryAutoConfiguratio
n matched:
      - 
@ConditionalOnClass 
found required class 
'jakarta.servlet.Serv
letRequest' 
(OnClassCondition)
      - found 
'session' scope (OnWe
bApplicationCondition
)

   ServletWebServerFa
ctoryAutoConfiguratio
n#tomcatServletWebSer
verFactoryCustomizer 
matched:
      - 
@ConditionalOnClass 
found required class 
'org.apache.catalina.
startup.Tomcat' 
(OnClassCondition)

   ServletWebServerFa
ctoryConfiguration.Em
beddedTomcat matched:
      - 
@ConditionalOnClass 
found required 
classes 'jakarta.serv
let.Servlet', 'org.ap
ache.catalina.startup
.Tomcat', 'org.apache
.coyote.UpgradeProtoc
ol' 
(OnClassCondition)
      - @ConditionalO
nMissingBean (types: 
org.springframework.b
oot.web.servlet.serve
r.ServletWebServerFac
tory; 
SearchStrategy: 
current) did not 
find any beans 
(OnBeanCondition)

   SimpleCacheConfigu
ration matched:
      - Cache org.spr
ingframework.boot.aut
oconfigure.cache.Simp
leCacheConfiguration 
automatic cache type 
(CacheCondition)

   SpringBootWebSecur
ityConfiguration 
matched:
      - found 
'session' scope (OnWe
bApplicationCondition
)

   SpringBootWebSecur
ityConfiguration.WebS
ecurityEnablerConfigu
ration matched:
      - 
@ConditionalOnClass 
found required class 
'org.springframework.
security.config.annot
ation.web.configurati
on.EnableWebSecurity'
 (OnClassCondition)
      - @ConditionalO
nMissingBean (names: 
springSecurityFilterC
hain; 
SearchStrategy: all) 
did not find any 
beans 
(OnBeanCondition)

   SpringDataWebAutoC
onfiguration matched:
      - 
@ConditionalOnClass 
found required 
classes 'org.springfr
amework.data.web.Page
ableHandlerMethodArgu
mentResolver', 'org.s
pringframework.web.se
rvlet.config.annotati
on.WebMvcConfigurer' 
(OnClassCondition)
      - found 
'session' scope (OnWe
bApplicationCondition
)
      - @ConditionalO
nMissingBean (types: 
org.springframework.d
ata.web.PageableHandl
erMethodArgumentResol
ver; SearchStrategy: 
all) did not find 
any beans 
(OnBeanCondition)

   SpringDataWebAutoC
onfiguration#pageable
Customizer matched:
      - @ConditionalO
nMissingBean (types: 
org.springframework.d
ata.web.config.Pageab
leHandlerMethodArgume
ntResolverCustomizer;
 SearchStrategy: 
all) did not find 
any beans 
(OnBeanCondition)

   SpringDataWebAutoC
onfiguration#sortCust
omizer matched:
      - @ConditionalO
nMissingBean (types: 
org.springframework.d
ata.web.config.SortHa
ndlerMethodArgumentRe
solverCustomizer; 
SearchStrategy: all) 
did not find any 
beans 
(OnBeanCondition)

   SpringDataWebAutoC
onfiguration#springDa
taWebSettings 
matched:
      - @ConditionalO
nMissingBean (types: 
org.springframework.d
ata.web.config.Spring
DataWebSettings; 
SearchStrategy: all) 
did not find any 
beans 
(OnBeanCondition)

   SqlInitializationA
utoConfiguration 
matched:
      - @ConditionalO
nProperty (spring.sql
.init.enabled) 
matched 
(OnPropertyCondition)
      - 
NoneNestedConditions 
0 matched 1 did not; 
NestedCondition on Sq
lInitializationAutoCo
nfiguration.SqlInitia
lizationModeCondition
.ModeIsNever @Conditi
onalOnProperty (sprin
g.sql.init.mode=never
) did not find 
property 'mode' (SqlI
nitializationAutoConf
iguration.SqlInitiali
zationModeCondition)

   SslAutoConfigurati
on#sslBundleRegistry 
matched:
      - @ConditionalO
nMissingBean (types: 
org.springframework.b
oot.ssl.SslBundleRegi
stry,org.springframew
ork.boot.ssl.SslBundl
es; SearchStrategy: 
all) did not find 
any beans 
(OnBeanCondition)

   TaskExecutionAutoC
onfiguration matched:
      - 
@ConditionalOnClass 
found required class 
'org.springframework.
scheduling.concurrent
.ThreadPoolTaskExecut
or' 
(OnClassCondition)

   TaskExecutorConfig
urations.SimpleAsyncT
askExecutorBuilderCon
figuration#simpleAsyn
cTaskExecutorBuilder 
matched:
      - @ConditionalO
nMissingBean (types: 
org.springframework.b
oot.task.SimpleAsyncT
askExecutorBuilder; 
SearchStrategy: all) 
did not find any 
beans 
(OnBeanCondition)
      - @ConditionalO
nThreading found 
PLATFORM (OnThreading
Condition)

   TaskExecutorConfig
urations.TaskExecutor
Configuration 
matched:
      - @ConditionalO
nMissingBean (types: 
java.util.concurrent.
Executor; 
SearchStrategy: all) 
did not find any 
beans 
(OnBeanCondition)

   TaskExecutorConfig
urations.TaskExecutor
Configuration#applica
tionTaskExecutor 
matched:
      - @ConditionalO
nThreading found 
PLATFORM (OnThreading
Condition)

   TaskExecutorConfig
urations.ThreadPoolTa
skExecutorBuilderConf
iguration#threadPoolT
askExecutorBuilder 
matched:
      - @ConditionalO
nMissingBean (types: 
org.springframework.b
oot.task.ThreadPoolTa
skExecutorBuilder; 
SearchStrategy: all) 
did not find any 
beans 
(OnBeanCondition)

   TaskSchedulingAuto
Configuration 
matched:
      - 
@ConditionalOnClass 
found required class 
'org.springframework.
scheduling.concurrent
.ThreadPoolTaskSchedu
ler' 
(OnClassCondition)

   TaskSchedulingConf
igurations.SimpleAsyn
cTaskSchedulerBuilder
Configuration#simpleA
syncTaskSchedulerBuil
der matched:
      - @ConditionalO
nMissingBean (types: 
org.springframework.b
oot.task.SimpleAsyncT
askSchedulerBuilder; 
SearchStrategy: all) 
did not find any 
beans 
(OnBeanCondition)
      - @ConditionalO
nThreading found 
PLATFORM (OnThreading
Condition)

   TaskSchedulingConf
igurations.ThreadPool
TaskSchedulerBuilderC
onfiguration#threadPo
olTaskSchedulerBuilde
r matched:
      - @ConditionalO
nMissingBean (types: 
org.springframework.b
oot.task.ThreadPoolTa
skSchedulerBuilder; 
SearchStrategy: all) 
did not find any 
beans 
(OnBeanCondition)

   TransactionAutoCon
figuration matched:
      - 
@ConditionalOnClass 
found required class 
'org.springframework.
transaction.PlatformT
ransactionManager' 
(OnClassCondition)

   TransactionManager
CustomizationAutoConf
iguration matched:
      - 
@ConditionalOnClass 
found required class 
'org.springframework.
transaction.PlatformT
ransactionManager' 
(OnClassCondition)

   TransactionManager
CustomizationAutoConf
iguration#platformTra
nsactionManagerCustom
izers matched:
      - @ConditionalO
nMissingBean (types: 
org.springframework.b
oot.autoconfigure.tra
nsaction.TransactionM
anagerCustomizers; 
SearchStrategy: all) 
did not find any 
beans 
(OnBeanCondition)

   UserDetailsService
AutoConfiguration 
matched:
      - 
@ConditionalOnClass 
found required class 
'org.springframework.
security.authenticati
on.AuthenticationMana
ger' 
(OnClassCondition)
      - 
AnyNestedCondition 1 
matched 2 did not; 
NestedCondition on Us
erDetailsServiceAutoC
onfiguration.MissingA
lternativeOrUserPrope
rtiesConfigured.Passw
ordConfigured @Condit
ionalOnProperty (spri
ng.security.user.pass
word) did not find 
property 'password'; 
NestedCondition on Us
erDetailsServiceAutoC
onfiguration.MissingA
lternativeOrUserPrope
rtiesConfigured.NameC
onfigured @Conditiona
lOnProperty (spring.s
ecurity.user.name) 
did not find 
property 'name'; 
NestedCondition on Us
erDetailsServiceAutoC
onfiguration.MissingA
lternativeOrUserPrope
rtiesConfigured.Missi
ngAlternative @Condit
ionalOnMissingClass 
did not find 
unwanted classes 'org
.springframework.secu
rity.oauth2.client.re
gistration.ClientRegi
strationRepository', 
'org.springframework.
security.oauth2.serve
r.resource.introspect
ion.OpaqueTokenIntros
pector', 'org.springf
ramework.security.sam
l2.provider.service.r
egistration.RelyingPa
rtyRegistrationReposi
tory' (UserDetailsSer
viceAutoConfiguration
.MissingAlternativeOr
UserPropertiesConfigu
red)
      - 
@ConditionalOnBean 
(types: org.springfra
mework.security.confi
g.ObjectPostProcessor
; SearchStrategy: 
all) found beans 'obj
ectPostProcessor', 'w
ebAuthorizationManage
rPostProcessor', 'fil
terChainDecoratorPost
Processor', 'authenti
cationManagerPostProc
essor'; @ConditionalO
nMissingBean (types: 
org.springframework.s
ecurity.authenticatio
n.AuthenticationManag
er,org.springframewor
k.security.authentica
tion.AuthenticationPr
ovider,org.springfram
ework.security.core.u
serdetails.UserDetail
sService,org.springfr
amework.security.auth
entication.Authentica
tionManagerResolver,o
rg.springframework.se
curity.oauth2.jwt.Jwt
Decoder; 
SearchStrategy: all) 
did not find any 
beans 
(OnBeanCondition)

   WebMvcAutoConfigur
ation matched:
      - 
@ConditionalOnClass 
found required 
classes 'jakarta.serv
let.Servlet', 'org.sp
ringframework.web.ser
vlet.DispatcherServle
t', 'org.springframew
ork.web.servlet.confi
g.annotation.WebMvcCo
nfigurer' 
(OnClassCondition)
      - found 
'session' scope (OnWe
bApplicationCondition
)
      - @ConditionalO
nMissingBean (types: 
org.springframework.w
eb.servlet.config.ann
otation.WebMvcConfigu
rationSupport; 
SearchStrategy: all) 
did not find any 
beans 
(OnBeanCondition)

   WebMvcAutoConfigur
ation#formContentFilt
er matched:
      - @ConditionalO
nProperty (spring.mvc
.formcontent.filter.e
nabled) matched 
(OnPropertyCondition)
      - @ConditionalO
nMissingBean (types: 
org.springframework.w
eb.filter.FormContent
Filter; 
SearchStrategy: all) 
did not find any 
beans 
(OnBeanCondition)

   WebMvcAutoConfigur
ation.EnableWebMvcCon
figuration#flashMapMa
nager matched:
      - @ConditionalO
nMissingBean (names: 
flashMapManager; 
SearchStrategy: all) 
did not find any 
beans 
(OnBeanCondition)

   WebMvcAutoConfigur
ation.EnableWebMvcCon
figuration#localeReso
lver matched:
      - @ConditionalO
nMissingBean (names: 
localeResolver; 
SearchStrategy: all) 
did not find any 
beans 
(OnBeanCondition)

   WebMvcAutoConfigur
ation.EnableWebMvcCon
figuration#themeResol
ver matched:
      - @ConditionalO
nMissingBean (names: 
themeResolver; 
SearchStrategy: all) 
did not find any 
beans 
(OnBeanCondition)

   WebMvcAutoConfigur
ation.EnableWebMvcCon
figuration#viewNameTr
anslator matched:
      - @ConditionalO
nMissingBean (names: 
viewNameTranslator; 
SearchStrategy: all) 
did not find any 
beans 
(OnBeanCondition)

   WebMvcAutoConfigur
ation.WebMvcAutoConfi
gurationAdapter#defau
ltViewResolver 
matched:
      - @ConditionalO
nMissingBean (types: 
org.springframework.w
eb.servlet.view.Inter
nalResourceViewResolv
er; SearchStrategy: 
all) did not find 
any beans 
(OnBeanCondition)

   WebMvcAutoConfigur
ation.WebMvcAutoConfi
gurationAdapter#reque
stContextFilter 
matched:
      - @ConditionalO
nMissingBean (types: 
org.springframework.w
eb.context.request.Re
questContextListener,
org.springframework.w
eb.filter.RequestCont
extFilter; 
SearchStrategy: all) 
did not find any 
beans 
(OnBeanCondition)

   WebMvcAutoConfigur
ation.WebMvcAutoConfi
gurationAdapter#viewR
esolver matched:
      - 
@ConditionalOnBean 
(types: org.springfra
mework.web.servlet.Vi
ewResolver; 
SearchStrategy: all) 
found beans 'defaultV
iewResolver', 'beanNa
meViewResolver', 
'mvcViewResolver'; @C
onditionalOnMissingBe
an (names: 
viewResolver types: o
rg.springframework.we
b.servlet.view.Conten
tNegotiatingViewResol
ver; SearchStrategy: 
all) did not find 
any beans 
(OnBeanCondition)

   WebSocketServletAu
toConfiguration 
matched:
      - 
@ConditionalOnClass 
found required 
classes 'jakarta.serv
let.Servlet', 'jakart
a.websocket.server.Se
rverContainer' 
(OnClassCondition)
      - found 
'session' scope (OnWe
bApplicationCondition
)

   WebSocketServletAu
toConfiguration.Tomca
tWebSocketConfigurati
on matched:
      - 
@ConditionalOnClass 
found required 
classes 'org.apache.c
atalina.startup.Tomca
t', 'org.apache.tomca
t.websocket.server.Ws
Sci' 
(OnClassCondition)

   WebSocketServletAu
toConfiguration.Tomca
tWebSocketConfigurati
on#websocketServletWe
bServerCustomizer 
matched:
      - @ConditionalO
nMissingBean (names: 
websocketServletWebSe
rverCustomizer; 
SearchStrategy: all) 
did not find any 
beans 
(OnBeanCondition)


Negative matches:
-----------------

   ActiveMQAutoConfig
uration:
      Did not match:
         - 
@ConditionalOnClass 
did not find 
required class 'jakar
ta.jms.ConnectionFact
ory' 
(OnClassCondition)

   AopAutoConfigurati
on.AspectJAutoProxyin
gConfiguration:
      Did not match:
         - 
@ConditionalOnClass 
did not find 
required class 'org.a
spectj.weaver.Advice'
 (OnClassCondition)

   ArtemisAutoConfigu
ration:
      Did not match:
         - 
@ConditionalOnClass 
did not find 
required class 'jakar
ta.jms.ConnectionFact
ory' 
(OnClassCondition)

   BatchAutoConfigura
tion:
      Did not match:
         - 
@ConditionalOnClass 
did not find 
required class 'org.s
pringframework.batch.
core.launch.JobLaunch
er' 
(OnClassCondition)

   Cache2kCacheConfig
uration:
      Did not match:
         - 
@ConditionalOnClass 
did not find 
required class 'org.c
ache2k.Cache2kBuilder
' (OnClassCondition)

   CacheAutoConfigura
tion:
      Did not match:
         - 
@ConditionalOnBean 
(types: org.springfra
mework.cache.intercep
tor.CacheAspectSuppor
t; SearchStrategy: 
all) did not find 
any beans of type org
.springframework.cach
e.interceptor.CacheAs
pectSupport 
(OnBeanCondition)
      Matched:
         - 
@ConditionalOnClass 
found required class 
'org.springframework.
cache.CacheManager' 
(OnClassCondition)

   CacheAutoConfigura
tion.CacheManagerEnti
tyManagerFactoryDepen
dsOnPostProcessor:
      Did not match:
         - 
@ConditionalOnClass 
did not find 
required class 'org.s
pringframework.orm.jp
a.LocalContainerEntit
yManagerFactoryBean' 
(OnClassCondition)
         - Ancestor o
rg.springframework.bo
ot.autoconfigure.cach
e.CacheAutoConfigurat
ion did not match (Co
nditionEvaluationRepo
rt.AncestorsMatchedCo
ndition)

   CaffeineCacheConfi
guration:
      Did not match:
         - 
@ConditionalOnClass 
did not find 
required class 'com.g
ithub.benmanes.caffei
ne.cache.Caffeine' 
(OnClassCondition)

   CassandraAutoConfi
guration:
      Did not match:
         - 
@ConditionalOnClass 
did not find 
required class 'com.d
atastax.oss.driver.ap
i.core.CqlSession' 
(OnClassCondition)

   CassandraDataAutoC
onfiguration:
      Did not match:
         - 
@ConditionalOnClass 
did not find 
required class 'com.d
atastax.oss.driver.ap
i.core.CqlSession' 
(OnClassCondition)

   CassandraReactiveD
ataAutoConfiguration:
      Did not match:
         - 
@ConditionalOnClass 
did not find 
required class 'com.d
atastax.oss.driver.ap
i.core.CqlSession' 
(OnClassCondition)

   CassandraReactiveR
epositoriesAutoConfig
uration:
      Did not match:
         - 
@ConditionalOnClass 
did not find 
required class 'org.s
pringframework.data.c
assandra.ReactiveSess
ion' 
(OnClassCondition)

   CassandraRepositor
iesAutoConfiguration:
      Did not match:
         - 
@ConditionalOnClass 
did not find 
required class 'com.d
atastax.oss.driver.ap
i.core.CqlSession' 
(OnClassCondition)

   ClientHttpConnecto
rAutoConfiguration:
      Did not match:
         - 
@ConditionalOnClass 
did not find 
required class 'org.s
pringframework.web.re
active.function.clien
t.WebClient' 
(OnClassCondition)

   CodecsAutoConfigur
ation:
      Did not match:
         - 
@ConditionalOnClass 
did not find 
required class 'org.s
pringframework.web.re
active.function.clien
t.WebClient' 
(OnClassCondition)

   CouchbaseAutoConfi
guration:
      Did not match:
         - 
@ConditionalOnClass 
did not find 
required class 'com.c
ouchbase.client.java.
Cluster' 
(OnClassCondition)

   CouchbaseCacheConf
iguration:
      Did not match:
         - 
@ConditionalOnClass 
did not find 
required class 'com.c
ouchbase.client.java.
Cluster' 
(OnClassCondition)

   CouchbaseDataAutoC
onfiguration:
      Did not match:
         - 
@ConditionalOnClass 
did not find 
required class 'com.c
ouchbase.client.java.
Bucket' 
(OnClassCondition)

   CouchbaseReactiveD
ataAutoConfiguration:
      Did not match:
         - 
@ConditionalOnClass 
did not find 
required class 'com.c
ouchbase.client.java.
Cluster' 
(OnClassCondition)

   CouchbaseReactiveR
epositoriesAutoConfig
uration:
      Did not match:
         - 
@ConditionalOnClass 
did not find 
required class 'com.c
ouchbase.client.java.
Cluster' 
(OnClassCondition)

   CouchbaseRepositor
iesAutoConfiguration:
      Did not match:
         - 
@ConditionalOnClass 
did not find 
required class 'com.c
ouchbase.client.java.
Bucket' 
(OnClassCondition)

   DataSourceAutoConf
iguration:
      Did not match:
         - 
@ConditionalOnClass 
did not find 
required class 'org.s
pringframework.jdbc.d
atasource.embedded.Em
beddedDatabaseType' 
(OnClassCondition)

   DataSourceInitiali
zationConfiguration:
      Did not match:
         - 
@ConditionalOnClass 
did not find 
required class 'org.s
pringframework.jdbc.d
atasource.init.Databa
sePopulator' 
(OnClassCondition)

   DataSourceTransact
ionManagerAutoConfigu
ration:
      Did not match:
         - 
@ConditionalOnClass 
did not find 
required class 'org.s
pringframework.jdbc.c
ore.JdbcTemplate' 
(OnClassCondition)

   DevToolsDataSource
AutoConfiguration:
      Did not match:
         - Devtools 
devtools is disabled 
for current context. 
(OnEnabledDevToolsCon
dition)
      Matched:
         - 
@ConditionalOnClass 
found required class 
'javax.sql.DataSource
' (OnClassCondition)

   DevToolsR2dbcAutoC
onfiguration:
      Did not match:
         - 
@ConditionalOnClass 
did not find 
required class 'io.r2
dbc.spi.ConnectionFac
tory' 
(OnClassCondition)

   DispatcherServletA
utoConfiguration.Disp
atcherServletConfigur
ation#multipartResolv
er:
      Did not match:
         - 
@ConditionalOnBean 
(types: org.springfra
mework.web.multipart.
MultipartResolver; 
SearchStrategy: all) 
did not find any 
beans of type org.spr
ingframework.web.mult
ipart.MultipartResolv
er (OnBeanCondition)

   ElasticsearchClien
tAutoConfiguration:
      Did not match:
         - 
@ConditionalOnClass 
did not find 
required class 'co.el
astic.clients.elastic
search.ElasticsearchC
lient' 
(OnClassCondition)

   ElasticsearchDataA
utoConfiguration:
      Did not match:
         - 
@ConditionalOnClass 
did not find 
required class 'org.s
pringframework.data.e
lasticsearch.client.e
lc.ElasticsearchTempl
ate' 
(OnClassCondition)

   ElasticsearchRepos
itoriesAutoConfigurat
ion:
      Did not match:
         - 
@ConditionalOnClass 
did not find 
required class 'org.s
pringframework.data.e
lasticsearch.reposito
ry.ElasticsearchRepos
itory' 
(OnClassCondition)

   ElasticsearchRestC
lientAutoConfiguratio
n:
      Did not match:
         - 
@ConditionalOnClass 
did not find 
required class 'org.e
lasticsearch.client.R
estClientBuilder' 
(OnClassCondition)

   EmbeddedLdapAutoCo
nfiguration:
      Did not match:
         - 
@ConditionalOnClass 
did not find 
required class 'com.u
nboundid.ldap.listene
r.InMemoryDirectorySe
rver' 
(OnClassCondition)

   EmbeddedMongoAutoC
onfiguration.Embedded
ReactiveStreamsMongoC
lientDependsOnBeanFac
toryPostProcessor:
      Did not match:
         - 
@ConditionalOnClass 
did not find 
required class 'com.m
ongodb.reactivestream
s.client.MongoClient'
 (OnClassCondition)

   EmbeddedMongoAutoC
onfiguration.Reactive
ClientServerWrapperCo
nfig:
      Did not match:
         - 
@ConditionalOnClass 
did not find 
required class 'com.m
ongodb.reactivestream
s.client.MongoClient'
 (OnClassCondition)

   EmbeddedWebServerF
actoryCustomizerAutoC
onfiguration:
      Did not match:
         - 
Application is 
deployed as a WAR 
file. (OnWarDeploymen
tCondition)
      Matched:
         - @Condition
alOnWebApplication 
(required) found 
'session' scope (OnWe
bApplicationCondition
)

   ErrorWebFluxAutoCo
nfiguration:
      Did not match:
         - 
@ConditionalOnClass 
did not find 
required class 'org.s
pringframework.web.re
active.config.WebFlux
Configurer' 
(OnClassCondition)

   FlywayAutoConfigur
ation:
      Did not match:
         - 
@ConditionalOnClass 
did not find 
required class 'org.f
lywaydb.core.Flyway' 
(OnClassCondition)

   FreeMarkerAutoConf
iguration:
      Did not match:
         - 
@ConditionalOnClass 
did not find 
required class 'freem
arker.template.Config
uration' 
(OnClassCondition)

   GraphQlAutoConfigu
ration:
      Did not match:
         - 
@ConditionalOnClass 
did not find 
required class 
'graphql.GraphQL' 
(OnClassCondition)

   GraphQlQueryByExam
pleAutoConfiguration:
      Did not match:
         - 
@ConditionalOnClass 
did not find 
required class 
'graphql.GraphQL' 
(OnClassCondition)

   GraphQlQuerydslAut
oConfiguration:
      Did not match:
         - 
@ConditionalOnClass 
did not find 
required class 'com.q
uerydsl.core.Query' 
(OnClassCondition)

   GraphQlRSocketAuto
Configuration:
      Did not match:
         - 
@ConditionalOnClass 
did not find 
required class 
'graphql.GraphQL' 
(OnClassCondition)

   GraphQlReactiveQue
ryByExampleAutoConfig
uration:
      Did not match:
         - 
@ConditionalOnClass 
did not find 
required class 
'graphql.GraphQL' 
(OnClassCondition)

   GraphQlReactiveQue
rydslAutoConfiguratio
n:
      Did not match:
         - 
@ConditionalOnClass 
did not find 
required class 'com.q
uerydsl.core.Query' 
(OnClassCondition)

   GraphQlWebFluxAuto
Configuration:
      Did not match:
         - 
@ConditionalOnClass 
did not find 
required class 
'graphql.GraphQL' 
(OnClassCondition)

   GraphQlWebFluxSecu
rityAutoConfiguration
:
      Did not match:
         - 
@ConditionalOnClass 
did not find 
required class 
'graphql.GraphQL' 
(OnClassCondition)

   GraphQlWebMvcAutoC
onfiguration:
      Did not match:
         - 
@ConditionalOnClass 
did not find 
required class 
'graphql.GraphQL' 
(OnClassCondition)

   GraphQlWebMvcSecur
ityAutoConfiguration:
      Did not match:
         - 
@ConditionalOnClass 
did not find 
required class 
'graphql.GraphQL' 
(OnClassCondition)

   GroovyTemplateAuto
Configuration:
      Did not match:
         - 
@ConditionalOnClass 
did not find 
required class 'groov
y.text.markup.MarkupT
emplateEngine' 
(OnClassCondition)

   GsonAutoConfigurat
ion:
      Did not match:
         - 
@ConditionalOnClass 
did not find 
required class 'com.g
oogle.gson.Gson' 
(OnClassCondition)

   GsonHttpMessageCon
vertersConfiguration:
      Did not match:
         - 
@ConditionalOnClass 
did not find 
required class 'com.g
oogle.gson.Gson' 
(OnClassCondition)

   H2ConsoleAutoConfi
guration:
      Did not match:
         - 
@ConditionalOnClass 
did not find 
required class 'org.h
2.server.web.JakartaW
ebServlet' 
(OnClassCondition)

   HazelcastAutoConfi
guration:
      Did not match:
         - 
@ConditionalOnClass 
did not find 
required class 'com.h
azelcast.core.Hazelca
stInstance' 
(OnClassCondition)

   HazelcastCacheConf
iguration:
      Did not match:
         - 
@ConditionalOnClass 
did not find 
required class 'com.h
azelcast.core.Hazelca
stInstance' 
(OnClassCondition)

   HazelcastJpaDepend
encyAutoConfiguration
:
      Did not match:
         - 
@ConditionalOnClass 
did not find 
required class 'com.h
azelcast.core.Hazelca
stInstance' 
(OnClassCondition)

   HibernateJpaAutoCo
nfiguration:
      Did not match:
         - 
@ConditionalOnClass 
did not find 
required class 'jakar
ta.persistence.Entity
Manager' 
(OnClassCondition)

   HttpHandlerAutoCon
figuration:
      Did not match:
         - 
@ConditionalOnClass 
did not find 
required class 'org.s
pringframework.web.re
active.DispatcherHand
ler' 
(OnClassCondition)

   HypermediaAutoConf
iguration:
      Did not match:
         - 
@ConditionalOnClass 
did not find 
required class 'org.s
pringframework.hateoa
s.EntityModel' 
(OnClassCondition)

   InfinispanCacheCon
figuration:
      Did not match:
         - 
@ConditionalOnClass 
did not find 
required class 'org.i
nfinispan.spring.embe
dded.provider.SpringE
mbeddedCacheManager' 
(OnClassCondition)

   IntegrationAutoCon
figuration:
      Did not match:
         - 
@ConditionalOnClass 
did not find 
required class 'org.s
pringframework.integr
ation.config.EnableIn
tegration' 
(OnClassCondition)

   JCacheCacheConfigu
ration:
      Did not match:
         - 
@ConditionalOnClass 
did not find 
required class 'javax
.cache.Caching' 
(OnClassCondition)

   JacksonHttpMessage
ConvertersConfigurati
on.MappingJackson2Xml
HttpMessageConverterC
onfiguration:
      Did not match:
         - 
@ConditionalOnClass 
did not find 
required class 'com.f
asterxml.jackson.data
format.xml.XmlMapper'
 (OnClassCondition)

   JdbcClientAutoConf
iguration:
      Did not match:
         - @Condition
alOnSingleCandidate 
did not find 
required type 'org.sp
ringframework.jdbc.co
re.namedparam.NamedPa
rameterJdbcTemplate' 
(OnBeanCondition)

   JdbcRepositoriesAu
toConfiguration:
      Did not match:
         - 
@ConditionalOnClass 
did not find 
required class 'org.s
pringframework.data.j
dbc.repository.config
.AbstractJdbcConfigur
ation' 
(OnClassCondition)

   JdbcTemplateAutoCo
nfiguration:
      Did not match:
         - 
@ConditionalOnClass 
did not find 
required class 'org.s
pringframework.jdbc.c
ore.JdbcTemplate' 
(OnClassCondition)

   JerseyAutoConfigur
ation:
      Did not match:
         - 
@ConditionalOnClass 
did not find 
required class 'org.g
lassfish.jersey.serve
r.spring.SpringCompon
entProvider' 
(OnClassCondition)

   
JmsAutoConfiguration:
      Did not match:
         - 
@ConditionalOnClass 
did not find 
required class 'jakar
ta.jms.Message' 
(OnClassCondition)

   
JmxAutoConfiguration:
      Did not match:
         - @Condition
alOnProperty (spring.
jmx.enabled=true) 
found different 
value in property 
'enabled' 
(OnPropertyCondition)
      Matched:
         - 
@ConditionalOnClass 
found required class 
'org.springframework.
jmx.export.MBeanExpor
ter' 
(OnClassCondition)

   JndiConnectionFact
oryAutoConfiguration:
      Did not match:
         - 
@ConditionalOnClass 
did not find 
required class 'org.s
pringframework.jms.co
re.JmsTemplate' 
(OnClassCondition)

   JndiDataSourceAuto
Configuration:
      Did not match:
         - 
@ConditionalOnClass 
did not find 
required class 'org.s
pringframework.jdbc.d
atasource.embedded.Em
beddedDatabaseType' 
(OnClassCondition)

   JooqAutoConfigurat
ion:
      Did not match:
         - 
@ConditionalOnClass 
did not find 
required class 'org.j
ooq.DSLContext' 
(OnClassCondition)

   JpaRepositoriesAut
oConfiguration:
      Did not match:
         - 
@ConditionalOnClass 
did not find 
required class 'org.s
pringframework.data.j
pa.repository.JpaRepo
sitory' 
(OnClassCondition)

   JsonbAutoConfigura
tion:
      Did not match:
         - 
@ConditionalOnClass 
did not find 
required class 'jakar
ta.json.bind.Jsonb' 
(OnClassCondition)

   JsonbHttpMessageCo
nvertersConfiguration
:
      Did not match:
         - 
@ConditionalOnClass 
did not find 
required class 'jakar
ta.json.bind.Jsonb' 
(OnClassCondition)

   
JtaAutoConfiguration:
      Did not match:
         - 
@ConditionalOnClass 
did not find 
required class 'jakar
ta.transaction.Transa
ction' 
(OnClassCondition)

   KafkaAutoConfigura
tion:
      Did not match:
         - 
@ConditionalOnClass 
did not find 
required class 'org.s
pringframework.kafka.
core.KafkaTemplate' 
(OnClassCondition)

   LdapAutoConfigurat
ion:
      Did not match:
         - 
@ConditionalOnClass 
did not find 
required class 'org.s
pringframework.ldap.c
ore.ContextSource' 
(OnClassCondition)

   LdapRepositoriesAu
toConfiguration:
      Did not match:
         - 
@ConditionalOnClass 
did not find 
required class 'org.s
pringframework.data.l
dap.repository.LdapRe
pository' 
(OnClassCondition)

   LiquibaseAutoConfi
guration:
      Did not match:
         - 
@ConditionalOnClass 
did not find 
required class 'liqui
base.change.DatabaseC
hange' 
(OnClassCondition)

   LocalDevToolsAutoC
onfiguration:
      Did not match:
         - 
Initialized 
Restarter Condition 
initialized without 
URLs (OnInitializedRe
starterCondition)

   MailSenderAutoConf
iguration:
      Did not match:
         - 
@ConditionalOnClass 
did not find 
required class 'jakar
ta.mail.internet.Mime
Message' 
(OnClassCondition)

   MailSenderValidato
rAutoConfiguration:
      Did not match:
         - @Condition
alOnSingleCandidate 
did not find 
required type 'org.sp
ringframework.mail.ja
vamail.JavaMailSender
Impl' 
(OnBeanCondition)

   MessageSourceAutoC
onfiguration:
      Did not match:
         - 
ResourceBundle did 
not find bundle with 
basename messages (Me
ssageSourceAutoConfig
uration.ResourceBundl
eCondition)

   MongoDataAutoConfi
guration#mongoConnect
ionDetails:
      Did not match:
         - @Condition
alOnMissingBean 
(types: org.springfra
mework.boot.autoconfi
gure.mongo.MongoConne
ctionDetails; 
SearchStrategy: all) 
found beans of type '
org.springframework.b
oot.autoconfigure.mon
go.MongoConnectionDet
ails' mongoConnection
Details 
(OnBeanCondition)

   MongoReactiveAutoC
onfiguration:
      Did not match:
         - 
@ConditionalOnClass 
did not find 
required class 'com.m
ongodb.reactivestream
s.client.MongoClient'
 (OnClassCondition)

   MongoReactiveDataA
utoConfiguration:
      Did not match:
         - 
@ConditionalOnClass 
did not find 
required class 'com.m
ongodb.reactivestream
s.client.MongoClient'
 (OnClassCondition)

   MongoReactiveRepos
itoriesAutoConfigurat
ion:
      Did not match:
         - 
@ConditionalOnClass 
did not find 
required class 'com.m
ongodb.reactivestream
s.client.MongoClient'
 (OnClassCondition)

   MustacheAutoConfig
uration:
      Did not match:
         - 
@ConditionalOnClass 
did not find 
required class 'com.s
amskivert.mustache.Mu
stache' 
(OnClassCondition)

   Neo4jAutoConfigura
tion:
      Did not match:
         - 
@ConditionalOnClass 
did not find 
required class 'org.n
eo4j.driver.Driver' 
(OnClassCondition)

   Neo4jDataAutoConfi
guration:
      Did not match:
         - 
@ConditionalOnClass 
did not find 
required class 'org.n
eo4j.driver.Driver' 
(OnClassCondition)

   Neo4jReactiveDataA
utoConfiguration:
      Did not match:
         - 
@ConditionalOnClass 
did not find 
required class 'org.n
eo4j.driver.Driver' 
(OnClassCondition)

   Neo4jReactiveRepos
itoriesAutoConfigurat
ion:
      Did not match:
         - 
@ConditionalOnClass 
did not find 
required class 'org.n
eo4j.driver.Driver' 
(OnClassCondition)

   Neo4jRepositoriesA
utoConfiguration:
      Did not match:
         - 
@ConditionalOnClass 
did not find 
required class 'org.n
eo4j.driver.Driver' 
(OnClassCondition)

   NettyAutoConfigura
tion:
      Did not match:
         - 
@ConditionalOnClass 
did not find 
required class 'io.ne
tty.util.NettyRuntime
' (OnClassCondition)

   OAuth2Authorizatio
nServerAutoConfigurat
ion:
      Did not match:
         - 
@ConditionalOnClass 
did not find 
required class 'org.s
pringframework.securi
ty.oauth2.server.auth
orization.OAuth2Autho
rization' 
(OnClassCondition)

   OAuth2Authorizatio
nServerJwtAutoConfigu
ration:
      Did not match:
         - 
@ConditionalOnClass 
did not find 
required class 'org.s
pringframework.securi
ty.oauth2.server.auth
orization.OAuth2Autho
rization' 
(OnClassCondition)

   OAuth2ClientAutoCo
nfiguration:
      Did not match:
         - 
@ConditionalOnClass 
did not find 
required class 'org.s
pringframework.securi
ty.oauth2.client.regi
stration.ClientRegist
ration' 
(OnClassCondition)

   OAuth2ResourceServ
erAutoConfiguration:
      Did not match:
         - 
@ConditionalOnClass 
did not find 
required class 'org.s
pringframework.securi
ty.oauth2.server.reso
urce.authentication.B
earerTokenAuthenticat
ionToken' 
(OnClassCondition)

   ProjectInfoAutoCon
figuration#buildPrope
rties:
      Did not match:
         - @Condition
alOnResource did not 
find resource '${spri
ng.info.build.locatio
n:classpath:META-INF/
build-info.properties
}' 
(OnResourceCondition)

   ProjectInfoAutoCon
figuration#gitPropert
ies:
      Did not match:
         - 
GitResource did not 
find git info at clas
spath:git.properties 
(ProjectInfoAutoConfi
guration.GitResourceA
vailableCondition)

   PulsarAutoConfigur
ation:
      Did not match:
         - 
@ConditionalOnClass 
did not find 
required class 'org.a
pache.pulsar.client.a
pi.PulsarClient' 
(OnClassCondition)

   PulsarReactiveAuto
Configuration:
      Did not match:
         - 
@ConditionalOnClass 
did not find 
required class 'org.a
pache.pulsar.client.a
pi.PulsarClient' 
(OnClassCondition)

   QuartzAutoConfigur
ation:
      Did not match:
         - 
@ConditionalOnClass 
did not find 
required class 'org.q
uartz.Scheduler' 
(OnClassCondition)

   R2dbcAutoConfigura
tion:
      Did not match:
         - 
@ConditionalOnClass 
did not find 
required class 'io.r2
dbc.spi.ConnectionFac
tory' 
(OnClassCondition)

   R2dbcDataAutoConfi
guration:
      Did not match:
         - 
@ConditionalOnClass 
did not find 
required class 'org.s
pringframework.data.r
2dbc.core.R2dbcEntity
Template' 
(OnClassCondition)

   R2dbcInitializatio
nConfiguration:
      Did not match:
         - 
@ConditionalOnClass 
did not find 
required classes 'io.
r2dbc.spi.ConnectionF
actory', 'org.springf
ramework.r2dbc.connec
tion.init.DatabasePop
ulator' 
(OnClassCondition)

   R2dbcProxyAutoConf
iguration:
      Did not match:
         - 
@ConditionalOnClass 
did not find 
required class 'io.r2
dbc.proxy.ProxyConnec
tionFactory' 
(OnClassCondition)

   R2dbcRepositoriesA
utoConfiguration:
      Did not match:
         - 
@ConditionalOnClass 
did not find 
required class 'io.r2
dbc.spi.ConnectionFac
tory' 
(OnClassCondition)

   R2dbcTransactionMa
nagerAutoConfiguratio
n:
      Did not match:
         - 
@ConditionalOnClass 
did not find 
required class 'org.s
pringframework.r2dbc.
connection.R2dbcTrans
actionManager' 
(OnClassCondition)

   RSocketGraphQlClie
ntAutoConfiguration:
      Did not match:
         - 
@ConditionalOnClass 
did not find 
required class 
'graphql.GraphQL' 
(OnClassCondition)

   RSocketMessagingAu
toConfiguration:
      Did not match:
         - 
@ConditionalOnClass 
did not find 
required class 
'io.rsocket.RSocket' 
(OnClassCondition)

   RSocketRequesterAu
toConfiguration:
      Did not match:
         - 
@ConditionalOnClass 
did not find 
required class 
'io.rsocket.RSocket' 
(OnClassCondition)

   RSocketSecurityAut
oConfiguration:
      Did not match:
         - 
@ConditionalOnClass 
did not find 
required class 'org.s
pringframework.securi
ty.rsocket.core.Secur
itySocketAcceptorInte
rceptor' 
(OnClassCondition)

   RSocketServerAutoC
onfiguration:
      Did not match:
         - 
@ConditionalOnClass 
did not find 
required class 'io.rs
ocket.core.RSocketSer
ver' 
(OnClassCondition)

   RSocketStrategiesA
utoConfiguration:
      Did not match:
         - 
@ConditionalOnClass 
did not find 
required class 'io.ne
tty.buffer.PooledByte
BufAllocator' 
(OnClassCondition)

   RabbitAutoConfigur
ation:
      Did not match:
         - 
@ConditionalOnClass 
did not find 
required class 'com.r
abbitmq.client.Channe
l' (OnClassCondition)

   ReactiveElasticsea
rchClientAutoConfigur
ation:
      Did not match:
         - 
@ConditionalOnClass 
did not find 
required class 'co.el
astic.clients.transpo
rt.ElasticsearchTrans
port' 
(OnClassCondition)

   ReactiveElasticsea
rchRepositoriesAutoCo
nfiguration:
      Did not match:
         - 
@ConditionalOnClass 
did not find 
required class 'react
or.core.publisher.Mon
o' (OnClassCondition)

   ReactiveMultipartA
utoConfiguration:
      Did not match:
         - 
@ConditionalOnClass 
did not find 
required class 'org.s
pringframework.web.re
active.config.WebFlux
Configurer' 
(OnClassCondition)

   ReactiveOAuth2Clie
ntAutoConfiguration:
      Did not match:
         - 
@ConditionalOnClass 
did not find 
required class 'react
or.core.publisher.Flu
x' (OnClassCondition)

   ReactiveOAuth2Reso
urceServerAutoConfigu
ration:
      Did not match:
         - @Condition
alOnWebApplication 
did not find 
reactive web 
application classes (
OnWebApplicationCondi
tion)

   ReactiveSecurityAu
toConfiguration:
      Did not match:
         - 
@ConditionalOnClass 
did not find 
required class 'react
or.core.publisher.Flu
x' (OnClassCondition)

   ReactiveUserDetail
sServiceAutoConfigura
tion:
      Did not match:
         - 
AnyNestedCondition 0 
matched 2 did not; 
NestedCondition on Re
activeUserDetailsServ
iceAutoConfiguration.
RSocketEnabledOrReact
iveWebApplication.Rea
ctiveWebApplicationCo
ndition did not find 
reactive web 
application classes; 
NestedCondition on Re
activeUserDetailsServ
iceAutoConfiguration.
RSocketEnabledOrReact
iveWebApplication.RSo
cketSecurityEnabledCo
ndition 
@ConditionalOnBean 
(types: org.springfra
mework.messaging.rsoc
ket.annotation.suppor
t.RSocketMessageHandl
er; SearchStrategy: 
all) did not find 
any beans of type org
.springframework.mess
aging.rsocket.annotat
ion.support.RSocketMe
ssageHandler (Reactiv
eUserDetailsServiceAu
toConfiguration.RSock
etEnabledOrReactiveWe
bApplication)
      Matched:
         - 
@ConditionalOnClass 
found required class 
'org.springframework.
security.authenticati
on.ReactiveAuthentica
tionManager' 
(OnClassCondition)
         - 
AnyNestedCondition 1 
matched 2 did not; 
NestedCondition on Re
activeUserDetailsServ
iceAutoConfiguration.
MissingAlternativeOrU
serPropertiesConfigur
ed.PasswordConfigured
 @ConditionalOnProper
ty (spring.security.u
ser.password) did 
not find property 
'password'; 
NestedCondition on Re
activeUserDetailsServ
iceAutoConfiguration.
MissingAlternativeOrU
serPropertiesConfigur
ed.NameConfigured @Co
nditionalOnProperty (
spring.security.user.
name) did not find 
property 'name'; 
NestedCondition on Re
activeUserDetailsServ
iceAutoConfiguration.
MissingAlternativeOrU
serPropertiesConfigur
ed.MissingAlternative
 @ConditionalOnMissin
gClass did not find 
unwanted classes 'org
.springframework.secu
rity.oauth2.client.re
gistration.ClientRegi
strationRepository', 
'org.springframework.
security.oauth2.serve
r.resource.introspect
ion.ReactiveOpaqueTok
enIntrospector' (Reac
tiveUserDetailsServic
eAutoConfiguration.Mi
ssingAlternativeOrUse
rPropertiesConfigured
)

   ReactiveWebServerF
actoryAutoConfigurati
on:
      Did not match:
         - @Condition
alOnWebApplication 
did not find 
reactive web 
application classes (
OnWebApplicationCondi
tion)

   ReactorAutoConfigu
ration:
      Did not match:
         - 
@ConditionalOnClass 
did not find 
required class 'react
or.core.publisher.Hoo
ks' 
(OnClassCondition)

   RedisAutoConfigura
tion:
      Did not match:
         - 
@ConditionalOnClass 
did not find 
required class 'org.s
pringframework.data.r
edis.core.RedisOperat
ions' 
(OnClassCondition)

   RedisCacheConfigur
ation:
      Did not match:
         - 
@ConditionalOnClass 
did not find 
required class 'org.s
pringframework.data.r
edis.connection.Redis
ConnectionFactory' 
(OnClassCondition)

   RedisReactiveAutoC
onfiguration:
      Did not match:
         - 
@ConditionalOnClass 
did not find 
required class 'react
or.core.publisher.Flu
x' (OnClassCondition)

   RedisRepositoriesA
utoConfiguration:
      Did not match:
         - 
@ConditionalOnClass 
did not find 
required class 'org.s
pringframework.data.r
edis.repository.confi
guration.EnableRedisR
epositories' 
(OnClassCondition)

   RemoteDevToolsAuto
Configuration:
      Did not match:
         - @Condition
alOnProperty (spring.
devtools.remote.secre
t) did not find 
property 'secret' 
(OnPropertyCondition)
      Matched:
         - 
@ConditionalOnClass 
found required 
classes 'jakarta.serv
let.Filter', 'org.spr
ingframework.http.ser
ver.ServerHttpRequest
' (OnClassCondition)

   RepositoryRestMvcA
utoConfiguration:
      Did not match:
         - 
@ConditionalOnClass 
did not find 
required class 'org.s
pringframework.data.r
est.webmvc.config.Rep
ositoryRestMvcConfigu
ration' 
(OnClassCondition)

   Saml2RelyingPartyA
utoConfiguration:
      Did not match:
         - 
@ConditionalOnClass 
did not find 
required class 'org.s
pringframework.securi
ty.saml2.provider.ser
vice.registration.Rel
yingPartyRegistration
Repository' 
(OnClassCondition)

   SecurityDataConfig
uration:
      Did not match:
         - 
@ConditionalOnClass 
did not find 
required class 'org.s
pringframework.securi
ty.data.repository.qu
ery.SecurityEvaluatio
nContextExtension' 
(OnClassCondition)

   SendGridAutoConfig
uration:
      Did not match:
         - 
@ConditionalOnClass 
did not find 
required class 'com.s
endgrid.SendGrid' 
(OnClassCondition)

   ServletWebServerFa
ctoryAutoConfiguratio
n.ForwardedHeaderFilt
erConfiguration:
      Did not match:
         - @Condition
alOnProperty (server.
forward-headers-strat
egy=framework) did 
not find property 'se
rver.forward-headers-
strategy' 
(OnPropertyCondition)

   ServletWebServerFa
ctoryConfiguration.Em
beddedJetty:
      Did not match:
         - 
@ConditionalOnClass 
did not find 
required classes 'org
.eclipse.jetty.server
.Server', 'org.eclips
e.jetty.util.Loader',
 'org.eclipse.jetty.e
e10.webapp.WebAppCont
ext' 
(OnClassCondition)

   ServletWebServerFa
ctoryConfiguration.Em
beddedUndertow:
      Did not match:
         - 
@ConditionalOnClass 
did not find 
required classes 'io.
undertow.Undertow', '
org.xnio.SslClientAut
hMode' 
(OnClassCondition)

   SessionAutoConfigu
ration:
      Did not match:
         - 
@ConditionalOnClass 
did not find 
required class 'org.s
pringframework.sessio
n.Session' 
(OnClassCondition)

   SpringApplicationA
dminJmxAutoConfigurat
ion:
      Did not match:
         - @Condition
alOnProperty (spring.
application.admin.ena
bled=true) did not 
find property 
'enabled' 
(OnPropertyCondition)

   SpringBootWebSecur
ityConfiguration.Secu
rityFilterChainConfig
uration:
      Did not match:
         - 
AllNestedConditions 
1 matched 1 did not; 
NestedCondition on De
faultWebSecurityCondi
tion.Beans @Condition
alOnMissingBean 
(types: org.springfra
mework.security.web.S
ecurityFilterChain; 
SearchStrategy: all) 
found beans of type '
org.springframework.s
ecurity.web.SecurityF
ilterChain' 
filterChain; 
NestedCondition on De
faultWebSecurityCondi
tion.Classes 
@ConditionalOnClass 
found required 
classes 'org.springfr
amework.security.web.
SecurityFilterChain',
 'org.springframework
.security.config.anno
tation.web.builders.H
ttpSecurity' (Default
WebSecurityCondition)

   TaskExecutorConfig
urations.SimpleAsyncT
askExecutorBuilderCon
figuration#simpleAsyn
cTaskExecutorBuilderV
irtualThreads:
      Did not match:
         - @Condition
alOnMissingBean 
(types: org.springfra
mework.boot.task.Simp
leAsyncTaskExecutorBu
ilder; 
SearchStrategy: all) 
found beans of type '
org.springframework.b
oot.task.SimpleAsyncT
askExecutorBuilder' s
impleAsyncTaskExecuto
rBuilder 
(OnBeanCondition)

   TaskExecutorConfig
urations.TaskExecutor
Configuration#applica
tionTaskExecutorVirtu
alThreads:
      Did not match:
         - @Condition
alOnThreading did 
not find VIRTUAL (OnT
hreadingCondition)

   TaskSchedulingAuto
Configuration#schedul
edBeanLazyInitializat
ionExcludeFilter:
      Did not match:
         - 
@ConditionalOnBean 
(names: org.springfra
mework.context.annota
tion.internalSchedule
dAnnotationProcessor;
 SearchStrategy: 
all) did not find 
any beans named org.s
pringframework.contex
t.annotation.internal
ScheduledAnnotationPr
ocessor 
(OnBeanCondition)

   TaskSchedulingConf
igurations.SimpleAsyn
cTaskSchedulerBuilder
Configuration#simpleA
syncTaskSchedulerBuil
derVirtualThreads:
2025-12-26T13:25:25.381+08:00  INFO 6428 --- [RentSpotter] [           main] .s.b.a.l.ConditionEvaluationReportLogger : 

Error starting ApplicationContext. To display the condition evaluation report re-run your application with 'debug' enabled.
2025-12-26T13:25:25.400+08:00 ERROR 6428 --- [RentSpotter] [           main] o.s.boot.SpringApplication               : Application run failed

org.springframework.beans.factory.UnsatisfiedDependencyException: Error creating bean with name 'fixTransactionAndAuth' defined in class path resource [de/flapdoodle/embed/mongo/spring/autoconfigure/EmbeddedMongoAutoConfiguration.class]: Unsatisfied dependency expressed through method 'fixTransactionAndAuth' parameter 1: Error creating bean with name 'net' defined in class path resource [de/flapdoodle/embed/mongo/spring/autoconfigure/EmbeddedMongoAutoConfiguration.class]: Failed to instantiate [de.flapdoodle.embed.mongo.config.Net]: Factory method 'net' threw exception with message: Failed looking up TXT record for host cluster0.dknkkoi.mongodb.net
	at org.springframework.beans.factory.support.ConstructorResolver.createArgumentArray(ConstructorResolver.java:804) ~[spring-beans-6.2.0.jar:6.2.0]
	at org.springframework.beans.factory.support.ConstructorResolver.instantiateUsingFactoryMethod(ConstructorResolver.java:546) ~[spring-beans-6.2.0.jar:6.2.0]
	at org.springframework.beans.factory.support.AbstractAutowireCapableBeanFactory.instantiateUsingFactoryMethod(AbstractAutowireCapableBeanFactory.java:1351) ~[spring-beans-6.2.0.jar:6.2.0]
	at org.springframework.beans.factory.support.AbstractAutowireCapableBeanFactory.createBeanInstance(AbstractAutowireCapableBeanFactory.java:1181) ~[spring-beans-6.2.0.jar:6.2.0]
	at org.springframework.beans.factory.support.AbstractAutowireCapableBeanFactory.doCreateBean(AbstractAutowireCapableBeanFactory.java:563) ~[spring-beans-6.2.0.jar:6.2.0]
	at org.springframework.beans.factory.support.AbstractAutowireCapableBeanFactory.createBean(AbstractAutowireCapableBeanFactory.java:523) ~[spring-beans-6.2.0.jar:6.2.0]
	at org.springframework.beans.factory.support.AbstractBeanFactory.lambda$doGetBean$0(AbstractBeanFactory.java:336) ~[spring-beans-6.2.0.jar:6.2.0]
	at org.springframework.beans.factory.support.DefaultSingletonBeanRegistry.getSingleton(DefaultSingletonBeanRegistry.java:288) ~[spring-beans-6.2.0.jar:6.2.0]
	at org.springframework.beans.factory.support.AbstractBeanFactory.doGetBean(AbstractBeanFactory.java:334) ~[spring-beans-6.2.0.jar:6.2.0]
	at org.springframework.beans.factory.support.AbstractBeanFactory.getBean(AbstractBeanFactory.java:204) ~[spring-beans-6.2.0.jar:6.2.0]
	at org.springframework.context.support.PostProcessorRegistrationDelegate.registerBeanPostProcessors(PostProcessorRegistrationDelegate.java:277) ~[spring-context-6.2.0.jar:6.2.0]
	at org.springframework.context.support.AbstractApplicationContext.registerBeanPostProcessors(AbstractApplicationContext.java:808) ~[spring-context-6.2.0.jar:6.2.0]
	at org.springframework.context.support.AbstractApplicationContext.refresh(AbstractApplicationContext.java:611) ~[spring-context-6.2.0.jar:6.2.0]
	at org.springframework.boot.SpringApplication.refresh(SpringApplication.java:752) ~[spring-boot-3.4.0.jar:3.4.0]
	at org.springframework.boot.SpringApplication.refreshContext(SpringApplication.java:439) ~[spring-boot-3.4.0.jar:3.4.0]
	at org.springframework.boot.SpringApplication.run(SpringApplication.java:318) ~[spring-boot-3.4.0.jar:3.4.0]
	at org.springframework.boot.test.context.SpringBootContextLoader.lambda$loadContext$3(SpringBootContextLoader.java:137) ~[spring-boot-test-3.4.0.jar:3.4.0]
	at org.springframework.util.function.ThrowingSupplier.get(ThrowingSupplier.java:58) ~[spring-core-6.2.0.jar:6.2.0]
	at org.springframework.util.function.ThrowingSupplier.get(ThrowingSupplier.java:46) ~[spring-core-6.2.0.jar:6.2.0]
	at org.springframework.boot.SpringApplication.withHook(SpringApplication.java:1461) ~[spring-boot-3.4.0.jar:3.4.0]
	at org.springframework.boot.test.context.SpringBootContextLoader$ContextLoaderHook.run(SpringBootContextLoader.java:553) ~[spring-boot-test-3.4.0.jar:3.4.0]
	at org.springframework.boot.test.context.SpringBootContextLoader.loadContext(SpringBootContextLoader.java:137) ~[spring-boot-test-3.4.0.jar:3.4.0]
	at org.springframework.boot.test.context.SpringBootContextLoader.loadContext(SpringBootContextLoader.java:108) ~[spring-boot-test-3.4.0.jar:3.4.0]
	at org.springframework.test.context.cache.DefaultCacheAwareContextLoaderDelegate.loadContextInternal(DefaultCacheAwareContextLoaderDelegate.java:225) ~[spring-test-6.2.0.jar:6.2.0]
	at org.springframework.test.context.cache.DefaultCacheAwareContextLoaderDelegate.loadContext(DefaultCacheAwareContextLoaderDelegate.java:152) ~[spring-test-6.2.0.jar:6.2.0]
	at org.springframework.test.context.support.DefaultTestContext.getApplicationContext(DefaultTestContext.java:130) ~[spring-test-6.2.0.jar:6.2.0]
	at org.springframework.test.context.web.ServletTestExecutionListener.setUpRequestContextIfNecessary(ServletTestExecutionListener.java:191) ~[spring-test-6.2.0.jar:6.2.0]
	at org.springframework.test.context.web.ServletTestExecutionListener.prepareTestInstance(ServletTestExecutionListener.java:130) ~[spring-test-6.2.0.jar:6.2.0]
	at org.springframework.test.context.TestContextManager.prepareTestInstance(TestContextManager.java:260) ~[spring-test-6.2.0.jar:6.2.0]
	at org.springframework.test.context.junit.jupiter.SpringExtension.postProcessTestInstance(SpringExtension.java:160) ~[spring-test-6.2.0.jar:6.2.0]
	at org.junit.jupiter.engine.descriptor.ClassBasedTestDescriptor.lambda$invokeTestInstancePostProcessors$11(ClassBasedTestDescriptor.java:378) ~[junit-jupiter-engine-5.11.3.jar:5.11.3]
	at org.junit.jupiter.engine.descriptor.ClassBasedTestDescriptor.executeAndMaskThrowable(ClassBasedTestDescriptor.java:383) ~[junit-jupiter-engine-5.11.3.jar:5.11.3]
	at org.junit.jupiter.engine.descriptor.ClassBasedTestDescriptor.lambda$invokeTestInstancePostProcessors$12(ClassBasedTestDescriptor.java:378) ~[junit-jupiter-engine-5.11.3.jar:5.11.3]
	at java.base/java.util.stream.ForEachOps$ForEachOp$OfRef.accept(ForEachOps.java:183) ~[na:na]
	at java.base/java.util.stream.ReferencePipeline$3$1.accept(ReferencePipeline.java:197) ~[na:na]
	at java.base/java.util.stream.ReferencePipeline$2$1.accept(ReferencePipeline.java:179) ~[na:na]
	at java.base/java.util.stream.ReferencePipeline$3$1.accept(ReferencePipeline.java:197) ~[na:na]
	at java.base/java.util.ArrayList$ArrayListSpliterator.forEachRemaining(ArrayList.java:1625) ~[na:na]
	at java.base/java.util.stream.AbstractPipeline.copyInto(AbstractPipeline.java:509) ~[na:na]
	at java.base/java.util.stream.AbstractPipeline.wrapAndCopyInto(AbstractPipeline.java:499) ~[na:na]
	at java.base/java.util.stream.ForEachOps$ForEachOp.evaluateSequential(ForEachOps.java:150) ~[na:na]
	at java.base/java.util.stream.ForEachOps$ForEachOp$OfRef.evaluateSequential(ForEachOps.java:173) ~[na:na]
	at java.base/java.util.stream.AbstractPipeline.evaluate(AbstractPipeline.java:234) ~[na:na]
	at java.base/java.util.stream.ReferencePipeline.forEach(ReferencePipeline.java:596) ~[na:na]
	at org.junit.jupiter.engine.descriptor.ClassBasedTestDescriptor.invokeTestInstancePostProcessors(ClassBasedTestDescriptor.java:377) ~[junit-jupiter-engine-5.11.3.jar:5.11.3]
	at org.junit.jupiter.engine.descriptor.ClassBasedTestDescriptor.lambda$instantiateAndPostProcessTestInstance$7(ClassBasedTestDescriptor.java:290) ~[junit-jupiter-engine-5.11.3.jar:5.11.3]
	at org.junit.platform.engine.support.hierarchical.ThrowableCollector.execute(ThrowableCollector.java:73) ~[junit-platform-engine-1.11.3.jar:1.11.3]
	at org.junit.jupiter.engine.descriptor.ClassBasedTestDescriptor.instantiateAndPostProcessTestInstance(ClassBasedTestDescriptor.java:289) ~[junit-jupiter-engine-5.11.3.jar:5.11.3]
	at org.junit.jupiter.engine.descriptor.ClassBasedTestDescriptor.lambda$testInstancesProvider$5(ClassBasedTestDescriptor.java:279) ~[junit-jupiter-engine-5.11.3.jar:5.11.3]
	at java.base/java.util.Optional.orElseGet(Optional.java:364) ~[na:na]
	at org.junit.jupiter.engine.descriptor.ClassBasedTestDescriptor.lambda$testInstancesProvider$6(ClassBasedTestDescriptor.java:278) ~[junit-jupiter-engine-5.11.3.jar:5.11.3]
	at org.junit.jupiter.engine.execution.TestInstancesProvider.getTestInstances(TestInstancesProvider.java:31) ~[junit-jupiter-engine-5.11.3.jar:5.11.3]
	at org.junit.jupiter.engine.descriptor.TestMethodTestDescriptor.lambda$prepare$1(TestMethodTestDescriptor.java:105) ~[junit-jupiter-engine-5.11.3.jar:5.11.3]
	at org.junit.platform.engine.support.hierarchical.ThrowableCollector.execute(ThrowableCollector.java:73) ~[junit-platform-engine-1.11.3.jar:1.11.3]
	at org.junit.jupiter.engine.descriptor.TestMethodTestDescriptor.prepare(TestMethodTestDescriptor.java:104) ~[junit-jupiter-engine-5.11.3.jar:5.11.3]
	at org.junit.jupiter.engine.descriptor.TestMethodTestDescriptor.prepare(TestMethodTestDescriptor.java:68) ~[junit-jupiter-engine-5.11.3.jar:5.11.3]
	at org.junit.platform.engine.support.hierarchical.NodeTestTask.lambda$prepare$2(NodeTestTask.java:128) ~[junit-platform-engine-1.11.3.jar:1.11.3]
	at org.junit.platform.engine.support.hierarchical.ThrowableCollector.execute(ThrowableCollector.java:73) ~[junit-platform-engine-1.11.3.jar:1.11.3]
	at org.junit.platform.engine.support.hierarchical.NodeTestTask.prepare(NodeTestTask.java:128) ~[junit-platform-engine-1.11.3.jar:1.11.3]
	at org.junit.platform.engine.support.hierarchical.NodeTestTask.execute(NodeTestTask.java:95) ~[junit-platform-engine-1.11.3.jar:1.11.3]
	at java.base/java.util.ArrayList.forEach(ArrayList.java:1511) ~[na:na]
	at org.junit.platform.engine.support.hierarchical.SameThreadHierarchicalTestExecutorService.invokeAll(SameThreadHierarchicalTestExecutorService.java:41) ~[junit-platform-engine-1.11.3.jar:1.11.3]
	at org.junit.platform.engine.support.hierarchical.NodeTestTask.lambda$executeRecursively$6(NodeTestTask.java:160) ~[junit-platform-engine-1.11.3.jar:1.11.3]
	at org.junit.platform.engine.support.hierarchical.ThrowableCollector.execute(ThrowableCollector.java:73) ~[junit-platform-engine-1.11.3.jar:1.11.3]
	at org.junit.platform.engine.support.hierarchical.NodeTestTask.lambda$executeRecursively$8(NodeTestTask.java:146) ~[junit-platform-engine-1.11.3.jar:1.11.3]
	at org.junit.platform.engine.support.hierarchical.Node.around(Node.java:137) ~[junit-platform-engine-1.11.3.jar:1.11.3]
	at org.junit.platform.engine.support.hierarchical.NodeTestTask.lambda$executeRecursively$9(NodeTestTask.java:144) ~[junit-platform-engine-1.11.3.jar:1.11.3]
	at org.junit.platform.engine.support.hierarchical.ThrowableCollector.execute(ThrowableCollector.java:73) ~[junit-platform-engine-1.11.3.jar:1.11.3]
	at org.junit.platform.engine.support.hierarchical.NodeTestTask.executeRecursively(NodeTestTask.java:143) ~[junit-platform-engine-1.11.3.jar:1.11.3]
	at org.junit.platform.engine.support.hierarchical.NodeTestTask.execute(NodeTestTask.java:100) ~[junit-platform-engine-1.11.3.jar:1.11.3]
	at java.base/java.util.ArrayList.forEach(ArrayList.java:1511) ~[na:na]
	at org.junit.platform.engine.support.hierarchical.SameThreadHierarchicalTestExecutorService.invokeAll(SameThreadHierarchicalTestExecutorService.java:41) ~[junit-platform-engine-1.11.3.jar:1.11.3]
	at org.junit.platform.engine.support.hierarchical.NodeTestTask.lambda$executeRecursively$6(NodeTestTask.java:160) ~[junit-platform-engine-1.11.3.jar:1.11.3]
	at org.junit.platform.engine.support.hierarchical.ThrowableCollector.execute(ThrowableCollector.java:73) ~[junit-platform-engine-1.11.3.jar:1.11.3]
	at org.junit.platform.engine.support.hierarchical.NodeTestTask.lambda$executeRecursively$8(NodeTestTask.java:146) ~[junit-platform-engine-1.11.3.jar:1.11.3]
	at org.junit.platform.engine.support.hierarchical.Node.around(Node.java:137) ~[junit-platform-engine-1.11.3.jar:1.11.3]
	at org.junit.platform.engine.support.hierarchical.NodeTestTask.lambda$executeRecursively$9(NodeTestTask.java:144) ~[junit-platform-engine-1.11.3.jar:1.11.3]
	at org.junit.platform.engine.support.hierarchical.ThrowableCollector.execute(ThrowableCollector.java:73) ~[junit-platform-engine-1.11.3.jar:1.11.3]
	at org.junit.platform.engine.support.hierarchical.NodeTestTask.executeRecursively(NodeTestTask.java:143) ~[junit-platform-engine-1.11.3.jar:1.11.3]
	at org.junit.platform.engine.support.hierarchical.NodeTestTask.execute(NodeTestTask.java:100) ~[junit-platform-engine-1.11.3.jar:1.11.3]
	at org.junit.platform.engine.support.hierarchical.SameThreadHierarchicalTestExecutorService.submit(SameThreadHierarchicalTestExecutorService.java:35) ~[junit-platform-engine-1.11.3.jar:1.11.3]
	at org.junit.platform.engine.support.hierarchical.HierarchicalTestExecutor.execute(HierarchicalTestExecutor.java:57) ~[junit-platform-engine-1.11.3.jar:1.11.3]
	at org.junit.platform.engine.support.hierarchical.HierarchicalTestEngine.execute(HierarchicalTestEngine.java:54) ~[junit-platform-engine-1.11.3.jar:1.11.3]
	at org.junit.platform.launcher.core.EngineExecutionOrchestrator.execute(EngineExecutionOrchestrator.java:198) ~[junit-platform-launcher-1.11.3.jar:1.11.3]
	at org.junit.platform.launcher.core.EngineExecutionOrchestrator.execute(EngineExecutionOrchestrator.java:169) ~[junit-platform-launcher-1.11.3.jar:1.11.3]
	at org.junit.platform.launcher.core.EngineExecutionOrchestrator.execute(EngineExecutionOrchestrator.java:93) ~[junit-platform-launcher-1.11.3.jar:1.11.3]
	at org.junit.platform.launcher.core.EngineExecutionOrchestrator.lambda$execute$0(EngineExecutionOrchestrator.java:58) ~[junit-platform-launcher-1.11.3.jar:1.11.3]
	at org.junit.platform.launcher.core.EngineExecutionOrchestrator.withInterceptedStreams(EngineExecutionOrchestrator.java:141) ~[junit-platform-launcher-1.11.3.jar:1.11.3]
	at org.junit.platform.launcher.core.EngineExecutionOrchestrator.execute(EngineExecutionOrchestrator.java:57) ~[junit-platform-launcher-1.11.3.jar:1.11.3]
	at org.junit.platform.launcher.core.DefaultLauncher.execute(DefaultLauncher.java:103) ~[junit-platform-launcher-1.11.3.jar:1.11.3]
	at org.junit.platform.launcher.core.DefaultLauncher.execute(DefaultLauncher.java:85) ~[junit-platform-launcher-1.11.3.jar:1.11.3]
	at org.junit.platform.launcher.core.DelegatingLauncher.execute(DelegatingLauncher.java:47) ~[junit-platform-launcher-1.11.3.jar:1.11.3]
      Did not match:
         - @Condition
alOnMissingBean 
(types: org.springfra
mework.boot.task.Simp
leAsyncTaskSchedulerB
uilder; 
SearchStrategy: all) 
found beans of type '
org.springframework.b
oot.task.SimpleAsyncT
askSchedulerBuilder' 
simpleAsyncTaskSchedu
lerBuilder 
(OnBeanCondition)

   TaskSchedulingConf
igurations.TaskSchedu
lerConfiguration:
      Did not match:
         - 
@ConditionalOnBean 
(names: org.springfra
mework.context.annota
tion.internalSchedule
dAnnotationProcessor;
 SearchStrategy: 
all) did not find 
any beans named org.s
pringframework.contex
t.annotation.internal
ScheduledAnnotationPr
ocessor 
(OnBeanCondition)

   ThymeleafAutoConfi
guration:
      Did not match:
         - 
@ConditionalOnClass 
did not find 
required class 'org.t
hymeleaf.spring6.Spri
ngTemplateEngine' 
(OnClassCondition)

   TransactionAutoCon
figuration#transactio
nalOperator:
      Did not match:
         - @Condition
alOnSingleCandidate 
(types: org.springfra
mework.transaction.Re
activeTransactionMana
ger; SearchStrategy: 
all) did not find 
any beans 
(OnBeanCondition)

   TransactionAutoCon
figuration.AspectJTra
nsactionManagementCon
figuration:
      Did not match:
         - 
@ConditionalOnBean 
did not find 
required type 'org.sp
ringframework.transac
tion.aspectj.Abstract
TransactionAspect' 
(OnBeanCondition)
         - 
@ConditionalOnBean 
(types: org.springfra
mework.transaction.as
pectj.AbstractTransac
tionAspect; 
SearchStrategy: all) 
did not find any 
beans of type org.spr
ingframework.transact
ion.aspectj.AbstractT
ransactionAspect 
(OnBeanCondition)

   TransactionAutoCon
figuration.EnableTran
sactionManagementConf
iguration:
      Did not match:
         - 
@ConditionalOnBean 
(types: org.springfra
mework.transaction.Tr
ansactionManager; 
SearchStrategy: all) 
did not find any 
beans of type org.spr
ingframework.transact
ion.TransactionManage
r (OnBeanCondition)

   TransactionAutoCon
figuration.EnableTran
sactionManagementConf
iguration.CglibAutoPr
oxyConfiguration:
      Did not match:
         - Ancestor o
rg.springframework.bo
ot.autoconfigure.tran
saction.TransactionAu
toConfiguration$Enabl
eTransactionManagemen
tConfiguration did 
not match (ConditionE
valuationReport.Ances
torsMatchedCondition)
      Matched:
         - @Condition
alOnProperty (spring.
aop.proxy-target-clas
s=true) matched 
(OnPropertyCondition)

   TransactionAutoCon
figuration.EnableTran
sactionManagementConf
iguration.JdkDynamicA
utoProxyConfiguration
:
      Did not match:
         - @Condition
alOnProperty (spring.
aop.proxy-target-clas
s=false) did not 
find property 
'proxy-target-class' 
(OnPropertyCondition)
         - Ancestor o
rg.springframework.bo
ot.autoconfigure.tran
saction.TransactionAu
toConfiguration$Enabl
eTransactionManagemen
tConfiguration did 
not match (ConditionE
valuationReport.Ances
torsMatchedCondition)

   TransactionAutoCon
figuration.Transactio
nTemplateConfiguratio
n:
      Did not match:
         - @Condition
alOnSingleCandidate 
(types: org.springfra
mework.transaction.Pl
atformTransactionMana
ger; SearchStrategy: 
all) did not find 
any beans 
(OnBeanCondition)

   ValidationAutoConf
iguration:
      Did not match:
         - 
@ConditionalOnClass 
did not find 
required class 'jakar
ta.validation.executa
ble.ExecutableValidat
or' 
(OnClassCondition)

   WebClientAutoConfi
guration:
      Did not match:
         - 
@ConditionalOnClass 
did not find 
required class 'org.s
pringframework.web.re
active.function.clien
t.WebClient' 
(OnClassCondition)

   WebFluxAutoConfigu
ration:
      Did not match:
         - 
@ConditionalOnClass 
did not find 
required class 'org.s
pringframework.web.re
active.config.WebFlux
Configurer' 
(OnClassCondition)

   WebMvcAutoConfigur
ation#hiddenHttpMetho
dFilter:
      Did not match:
         - @Condition
alOnProperty (spring.
mvc.hiddenmethod.filt
er.enabled) did not 
find property 
'enabled' 
(OnPropertyCondition)

   WebMvcAutoConfigur
ation.ProblemDetailsE
rrorHandlingConfigura
tion:
      Did not match:
         - @Condition
alOnProperty (spring.
mvc.problemdetails.en
abled=true) did not 
find property 
'enabled' 
(OnPropertyCondition)

   WebMvcAutoConfigur
ation.ResourceChainCu
stomizerConfiguration
:
      Did not match:
         - @Condition
alOnEnabledResourceCh
ain did not find 
class org.webjars.Web
JarVersionLocator (On
EnabledResourceChainC
ondition)

   WebMvcAutoConfigur
ation.WebMvcAutoConfi
gurationAdapter#beanN
ameViewResolver:
      Did not match:
         - @Condition
alOnMissingBean 
(types: org.springfra
mework.web.servlet.vi
ew.BeanNameViewResolv
er; SearchStrategy: 
all) found beans of 
type 'org.springframe
work.web.servlet.view
.BeanNameViewResolver
' 
beanNameViewResolver 
(OnBeanCondition)

   WebServiceTemplate
AutoConfiguration:
      Did not match:
         - 
@ConditionalOnClass 
did not find 
required class 'org.s
pringframework.oxm.Ma
rshaller' 
(OnClassCondition)

   WebServicesAutoCon
figuration:
      Did not match:
         - 
@ConditionalOnClass 
did not find 
required class 'org.s
pringframework.ws.tra
nsport.http.MessageDi
spatcherServlet' 
(OnClassCondition)

   WebSessionIdResolv
erAutoConfiguration:
      Did not match:
         - 
@ConditionalOnClass 
did not find 
required class 'react
or.core.publisher.Mon
o' (OnClassCondition)

   WebSocketMessaging
AutoConfiguration:
      Did not match:
         - 
@ConditionalOnClass 
did not find 
required class 'org.s
pringframework.web.so
cket.config.annotatio
n.WebSocketMessageBro
kerConfigurer' 
(OnClassCondition)

   WebSocketReactiveA
utoConfiguration:
      Did not match:
         - @Condition
alOnWebApplication 
did not find 
reactive web 
application classes (
OnWebApplicationCondi
tion)

   WebSocketServletAu
toConfiguration.Jetty
WebSocketConfiguratio
n:
      Did not match:
         - 
@ConditionalOnClass 
did not find 
required class 'org.e
clipse.jetty.ee10.web
socket.jakarta.server
.config.JakartaWebSoc
ketServletContainerIn
itializer' 
(OnClassCondition)

   WebSocketServletAu
toConfiguration.Under
towWebSocketConfigura
tion:
      Did not match:
         - 
@ConditionalOnClass 
did not find 
required class 'io.un
dertow.websockets.jsr
.Bootstrap' 
(OnClassCondition)

   XADataSourceAutoCo
nfiguration:
      Did not match:
	at org.apache.maven.surefire.junitplatform.LazyLauncher.execute(LazyLauncher.java:56) ~[surefire-junit-platform-3.5.2.jar:3.5.2]
	at org.apache.maven.surefire.junitplatform.JUnitPlatformProvider.execute(JUnitPlatformProvider.java:184) ~[surefire-junit-platform-3.5.2.jar:3.5.2]
	at org.apache.maven.surefire.junitplatform.JUnitPlatformProvider.invokeAllTests(JUnitPlatformProvider.java:148) ~[surefire-junit-platform-3.5.2.jar:3.5.2]
	at org.apache.maven.surefire.junitplatform.JUnitPlatformProvider.invoke(JUnitPlatformProvider.java:122) ~[surefire-junit-platform-3.5.2.jar:3.5.2]
	at org.apache.maven.surefire.booter.ForkedBooter.runSuitesInProcess(ForkedBooter.java:385) ~[surefire-booter-3.5.2.jar:3.5.2]
	at org.apache.maven.surefire.booter.ForkedBooter.execute(ForkedBooter.java:162) ~[surefire-booter-3.5.2.jar:3.5.2]
	at org.apache.maven.surefire.booter.ForkedBooter.run(ForkedBooter.java:507) ~[surefire-booter-3.5.2.jar:3.5.2]
	at org.apache.maven.surefire.booter.ForkedBooter.main(ForkedBooter.java:495) ~[surefire-booter-3.5.2.jar:3.5.2]
Caused by: org.springframework.beans.factory.BeanCreationException: Error creating bean with name 'net' defined in class path resource [de/flapdoodle/embed/mongo/spring/autoconfigure/EmbeddedMongoAutoConfiguration.class]: Failed to instantiate [de.flapdoodle.embed.mongo.config.Net]: Factory method 'net' threw exception with message: Failed looking up TXT record for host cluster0.dknkkoi.mongodb.net
	at org.springframework.beans.factory.support.ConstructorResolver.instantiate(ConstructorResolver.java:657) ~[spring-beans-6.2.0.jar:6.2.0]
	at org.springframework.beans.factory.support.ConstructorResolver.instantiateUsingFactoryMethod(ConstructorResolver.java:645) ~[spring-beans-6.2.0.jar:6.2.0]
	at org.springframework.beans.factory.support.AbstractAutowireCapableBeanFactory.instantiateUsingFactoryMethod(AbstractAutowireCapableBeanFactory.java:1351) ~[spring-beans-6.2.0.jar:6.2.0]
	at org.springframework.beans.factory.support.AbstractAutowireCapableBeanFactory.createBeanInstance(AbstractAutowireCapableBeanFactory.java:1181) ~[spring-beans-6.2.0.jar:6.2.0]
	at org.springframework.beans.factory.support.AbstractAutowireCapableBeanFactory.doCreateBean(AbstractAutowireCapableBeanFactory.java:563) ~[spring-beans-6.2.0.jar:6.2.0]
	at org.springframework.beans.factory.support.AbstractAutowireCapableBeanFactory.createBean(AbstractAutowireCapableBeanFactory.java:523) ~[spring-beans-6.2.0.jar:6.2.0]
	at org.springframework.beans.factory.support.AbstractBeanFactory.lambda$doGetBean$0(AbstractBeanFactory.java:336) ~[spring-beans-6.2.0.jar:6.2.0]
	at org.springframework.beans.factory.support.DefaultSingletonBeanRegistry.getSingleton(DefaultSingletonBeanRegistry.java:288) ~[spring-beans-6.2.0.jar:6.2.0]
	at org.springframework.beans.factory.support.AbstractBeanFactory.doGetBean(AbstractBeanFactory.java:334) ~[spring-beans-6.2.0.jar:6.2.0]
	at org.springframework.beans.factory.support.AbstractBeanFactory.getBean(AbstractBeanFactory.java:199) ~[spring-beans-6.2.0.jar:6.2.0]
	at org.springframework.beans.factory.support.AbstractBeanFactory.doGetBean(AbstractBeanFactory.java:312) ~[spring-beans-6.2.0.jar:6.2.0]
	at org.springframework.beans.factory.support.AbstractBeanFactory.getBean(AbstractBeanFactory.java:199) ~[spring-beans-6.2.0.jar:6.2.0]
	at org.springframework.beans.factory.config.DependencyDescriptor.resolveCandidate(DependencyDescriptor.java:254) ~[spring-beans-6.2.0.jar:6.2.0]
	at org.springframework.beans.factory.support.DefaultListableBeanFactory.doResolveDependency(DefaultListableBeanFactory.java:1626) ~[spring-beans-6.2.0.jar:6.2.0]
	at org.springframework.beans.factory.support.DefaultListableBeanFactory.resolveDependency(DefaultListableBeanFactory.java:1514) ~[spring-beans-6.2.0.jar:6.2.0]
	at org.springframework.beans.factory.support.ConstructorResolver.resolveAutowiredArgument(ConstructorResolver.java:913) ~[spring-beans-6.2.0.jar:6.2.0]
	at org.springframework.beans.factory.support.ConstructorResolver.createArgumentArray(ConstructorResolver.java:791) ~[spring-beans-6.2.0.jar:6.2.0]
	... 99 common frames omitted
Caused by: org.springframework.beans.BeanInstantiationException: Failed to instantiate [de.flapdoodle.embed.mongo.config.Net]: Factory method 'net' threw exception with message: Failed looking up TXT record for host cluster0.dknkkoi.mongodb.net
	at org.springframework.beans.factory.support.SimpleInstantiationStrategy.lambda$instantiate$0(SimpleInstantiationStrategy.java:199) ~[spring-beans-6.2.0.jar:6.2.0]
	at org.springframework.beans.factory.support.SimpleInstantiationStrategy.instantiateWithFactoryMethod(SimpleInstantiationStrategy.java:88) ~[spring-beans-6.2.0.jar:6.2.0]
	at org.springframework.beans.factory.support.SimpleInstantiationStrategy.instantiate(SimpleInstantiationStrategy.java:168) ~[spring-beans-6.2.0.jar:6.2.0]
	at org.springframework.beans.factory.support.ConstructorResolver.instantiate(ConstructorResolver.java:653) ~[spring-beans-6.2.0.jar:6.2.0]
	... 115 common frames omitted
Caused by: com.mongodb.MongoConfigurationException: Failed looking up TXT record for host cluster0.dknkkoi.mongodb.net
	at com.mongodb.internal.dns.DefaultDnsResolver.resolveAdditionalQueryParametersFromTxtRecords(DefaultDnsResolver.java:137) ~[mongodb-driver-core-5.2.1.jar:na]
	at com.mongodb.ConnectionString.<init>(ConnectionString.java:458) ~[mongodb-driver-core-5.2.1.jar:na]
	at com.mongodb.ConnectionString.<init>(ConnectionString.java:343) ~[mongodb-driver-core-5.2.1.jar:na]
	at org.springframework.boot.autoconfigure.mongo.MongoProperties.getMongoClientDatabase(MongoProperties.java:212) ~[spring-boot-autoconfigure-3.4.0.jar:3.4.0]
	at de.flapdoodle.embed.mongo.spring.autoconfigure.EmbeddedMongoAutoConfiguration.net(EmbeddedMongoAutoConfiguration.java:153) ~[de.flapdoodle.embed.mongo.spring30x-4.11.0.jar:na]
	at java.base/jdk.internal.reflect.DirectMethodHandleAccessor.invoke(DirectMethodHandleAccessor.java:104) ~[na:na]
	at java.base/java.lang.reflect.Method.invoke(Method.java:578) ~[na:na]
	at org.springframework.beans.factory.support.SimpleInstantiationStrategy.lambda$instantiate$0(SimpleInstantiationStrategy.java:171) ~[spring-beans-6.2.0.jar:6.2.0]
	... 118 common frames omitted
Caused by: com.mongodb.spi.dns.DnsException: DNS error
	at com.mongodb.internal.dns.JndiDnsClient.getResourceRecordData(JndiDnsClient.java:57) ~[mongodb-driver-core-5.2.1.jar:na]
	at com.mongodb.internal.dns.DefaultDnsResolver.resolveAdditionalQueryParametersFromTxtRecords(DefaultDnsResolver.java:118) ~[mongodb-driver-core-5.2.1.jar:na]
	... 125 common frames omitted
Caused by: javax.naming.CommunicationException: DNS error
	at jdk.naming.dns/com.sun.jndi.dns.DnsClient.query(DnsClient.java:321) ~[jdk.naming.dns:na]
	at jdk.naming.dns/com.sun.jndi.dns.Resolver.query(Resolver.java:81) ~[jdk.naming.dns:na]
	at jdk.naming.dns/com.sun.jndi.dns.DnsContext.c_getAttributes(DnsContext.java:434) ~[jdk.naming.dns:na]
	at java.naming/com.sun.jndi.toolkit.ctx.ComponentDirContext.p_getAttributes(ComponentDirContext.java:235) ~[na:na]
	at java.naming/com.sun.jndi.toolkit.ctx.PartialCompositeDirContext.getAttributes(PartialCompositeDirContext.java:141) ~[na:na]
	at java.naming/com.sun.jndi.toolkit.ctx.PartialCompositeDirContext.getAttributes(PartialCompositeDirContext.java:129) ~[na:na]
	at java.naming/javax.naming.directory.InitialDirContext.getAttributes(InitialDirContext.java:171) ~[na:na]
	at com.mongodb.internal.dns.JndiDnsClient.getResourceRecordData(JndiDnsClient.java:44) ~[mongodb-driver-core-5.2.1.jar:na]
	... 126 common frames omitted
Caused by: java.net.SocketTimeoutException: Receive timed out
	at java.base/sun.nio.ch.DatagramChannelImpl.trustedBlockingReceive(DatagramChannelImpl.java:732) ~[na:na]
	at java.base/sun.nio.ch.DatagramChannelImpl.blockingReceive(DatagramChannelImpl.java:661) ~[na:na]
	at java.base/sun.nio.ch.DatagramSocketAdaptor.receive(DatagramSocketAdaptor.java:241) ~[na:na]
	at java.base/java.net.DatagramSocket.receive(DatagramSocket.java:714) ~[na:na]
	at jdk.naming.dns/com.sun.jndi.dns.DnsClient.doUdpQuery(DnsClient.java:430) ~[jdk.naming.dns:na]
	at jdk.naming.dns/com.sun.jndi.dns.DnsClient.query(DnsClient.java:216) ~[jdk.naming.dns:na]
	... 133 common frames omitted

2025-12-26T13:25:25.409+08:00  WARN 6428 --- [RentSpotter] [           main] o.s.test.context.TestContextManager      : Caught exception while allowing TestExecutionListener [org.springframework.test.context.web.ServletTestExecutionListener] to prepare test instance [com.rentspotter.RentSpotter.RentSpotterApplicationTests@315105f]

java.lang.IllegalStateException: Failed to load ApplicationContext for [WebMergedContextConfiguration@124dac75 testClass = com.rentspotter.RentSpotter.RentSpotterApplicationTests, locations = [], classes = [com.rentspotter.RentSpotter.RentSpotterApplication], contextInitializerClasses = [], activeProfiles = [], propertySourceDescriptors = [], propertySourceProperties = ["org.springframework.boot.test.context.SpringBootTestContextBootstrapper=true"], contextCustomizers = [org.springframework.boot.test.context.filter.ExcludeFilterContextCustomizer@7dc19a70, org.springframework.boot.test.json.DuplicateJsonObjectContextCustomizerFactory$DuplicateJsonObjectContextCustomizer@798162bc, org.springframework.boot.test.mock.mockito.MockitoContextCustomizer@0, org.springframework.boot.test.web.client.TestRestTemplateContextCustomizer@5be1d0a4, org.springframework.boot.test.web.reactor.netty.DisableReactorResourceFactoryGlobalResourcesContextCustomizerFactory$DisableReactorResourceFactoryGlobalResourcesContextCustomizerCustomizer@24959ca4, org.springframework.boot.test.autoconfigure.OnFailureConditionReportContextCustomizerFactory$OnFailureConditionReportContextCustomizer@461ad730, org.springframework.boot.test.autoconfigure.actuate.observability.ObservabilityContextCustomizerFactory$DisableObservabilityContextCustomizer@1f, org.springframework.boot.test.autoconfigure.properties.PropertyMappingContextCustomizer@0, org.springframework.boot.test.autoconfigure.web.servlet.WebDriverContextCustomizer@79defdc, org.springframework.test.context.support.DynamicPropertiesContextCustomizer@0, org.springframework.boot.test.context.SpringBootTestAnnotation@a66eb40e], resourceBasePath = "src/main/webapp", contextLoader = org.springframework.boot.test.context.SpringBootContextLoader, parent = null]
	at org.springframework.test.context.cache.DefaultCacheAwareContextLoaderDelegate.loadContext(DefaultCacheAwareContextLoaderDelegate.java:180) ~[spring-test-6.2.0.jar:6.2.0]
	at org.springframework.test.context.support.DefaultTestContext.getApplicationContext(DefaultTestContext.java:130) ~[spring-test-6.2.0.jar:6.2.0]
	at org.springframework.test.context.web.ServletTestExecutionListener.setUpRequestContextIfNecessary(ServletTestExecutionListener.java:191) ~[spring-test-6.2.0.jar:6.2.0]
	at org.springframework.test.context.web.ServletTestExecutionListener.prepareTestInstance(ServletTestExecutionListener.java:130) ~[spring-test-6.2.0.jar:6.2.0]
	at org.springframework.test.context.TestContextManager.prepareTestInstance(TestContextManager.java:260) ~[spring-test-6.2.0.jar:6.2.0]
	at org.springframework.test.context.junit.jupiter.SpringExtension.postProcessTestInstance(SpringExtension.java:160) ~[spring-test-6.2.0.jar:6.2.0]
	at org.junit.jupiter.engine.descriptor.ClassBasedTestDescriptor.lambda$invokeTestInstancePostProcessors$11(ClassBasedTestDescriptor.java:378) ~[junit-jupiter-engine-5.11.3.jar:5.11.3]
	at org.junit.jupiter.engine.descriptor.ClassBasedTestDescriptor.executeAndMaskThrowable(ClassBasedTestDescriptor.java:383) ~[junit-jupiter-engine-5.11.3.jar:5.11.3]
	at org.junit.jupiter.engine.descriptor.ClassBasedTestDescriptor.lambda$invokeTestInstancePostProcessors$12(ClassBasedTestDescriptor.java:378) ~[junit-jupiter-engine-5.11.3.jar:5.11.3]
	at java.base/java.util.stream.ForEachOps$ForEachOp$OfRef.accept(ForEachOps.java:183) ~[na:na]
	at java.base/java.util.stream.ReferencePipeline$3$1.accept(ReferencePipeline.java:197) ~[na:na]
	at java.base/java.util.stream.ReferencePipeline$2$1.accept(ReferencePipeline.java:179) ~[na:na]
	at java.base/java.util.stream.ReferencePipeline$3$1.accept(ReferencePipeline.java:197) ~[na:na]
	at java.base/java.util.ArrayList$ArrayListSpliterator.forEachRemaining(ArrayList.java:1625) ~[na:na]
	at java.base/java.util.stream.AbstractPipeline.copyInto(AbstractPipeline.java:509) ~[na:na]
	at java.base/java.util.stream.AbstractPipeline.wrapAndCopyInto(AbstractPipeline.java:499) ~[na:na]
	at java.base/java.util.stream.ForEachOps$ForEachOp.evaluateSequential(ForEachOps.java:150) ~[na:na]
	at java.base/java.util.stream.ForEachOps$ForEachOp$OfRef.evaluateSequential(ForEachOps.java:173) ~[na:na]
	at java.base/java.util.stream.AbstractPipeline.evaluate(AbstractPipeline.java:234) ~[na:na]
	at java.base/java.util.stream.ReferencePipeline.forEach(ReferencePipeline.java:596) ~[na:na]
	at org.junit.jupiter.engine.descriptor.ClassBasedTestDescriptor.invokeTestInstancePostProcessors(ClassBasedTestDescriptor.java:377) ~[junit-jupiter-engine-5.11.3.jar:5.11.3]
	at org.junit.jupiter.engine.descriptor.ClassBasedTestDescriptor.lambda$instantiateAndPostProcessTestInstance$7(ClassBasedTestDescriptor.java:290) ~[junit-jupiter-engine-5.11.3.jar:5.11.3]
	at org.junit.platform.engine.support.hierarchical.ThrowableCollector.execute(ThrowableCollector.java:73) ~[junit-platform-engine-1.11.3.jar:1.11.3]
	at org.junit.jupiter.engine.descriptor.ClassBasedTestDescriptor.instantiateAndPostProcessTestInstance(ClassBasedTestDescriptor.java:289) ~[junit-jupiter-engine-5.11.3.jar:5.11.3]
	at org.junit.jupiter.engine.descriptor.ClassBasedTestDescriptor.lambda$testInstancesProvider$5(ClassBasedTestDescriptor.java:279) ~[junit-jupiter-engine-5.11.3.jar:5.11.3]
	at java.base/java.util.Optional.orElseGet(Optional.java:364) ~[na:na]
	at org.junit.jupiter.engine.descriptor.ClassBasedTestDescriptor.lambda$testInstancesProvider$6(ClassBasedTestDescriptor.java:278) ~[junit-jupiter-engine-5.11.3.jar:5.11.3]
	at org.junit.jupiter.engine.execution.TestInstancesProvider.getTestInstances(TestInstancesProvider.java:31) ~[junit-jupiter-engine-5.11.3.jar:5.11.3]
	at org.junit.jupiter.engine.descriptor.TestMethodTestDescriptor.lambda$prepare$1(TestMethodTestDescriptor.java:105) ~[junit-jupiter-engine-5.11.3.jar:5.11.3]
	at org.junit.platform.engine.support.hierarchical.ThrowableCollector.execute(ThrowableCollector.java:73) ~[junit-platform-engine-1.11.3.jar:1.11.3]
	at org.junit.jupiter.engine.descriptor.TestMethodTestDescriptor.prepare(TestMethodTestDescriptor.java:104) ~[junit-jupiter-engine-5.11.3.jar:5.11.3]
	at org.junit.jupiter.engine.descriptor.TestMethodTestDescriptor.prepare(TestMethodTestDescriptor.java:68) ~[junit-jupiter-engine-5.11.3.jar:5.11.3]
	at org.junit.platform.engine.support.hierarchical.NodeTestTask.lambda$prepare$2(NodeTestTask.java:128) ~[junit-platform-engine-1.11.3.jar:1.11.3]
	at org.junit.platform.engine.support.hierarchical.ThrowableCollector.execute(ThrowableCollector.java:73) ~[junit-platform-engine-1.11.3.jar:1.11.3]
	at org.junit.platform.engine.support.hierarchical.NodeTestTask.prepare(NodeTestTask.java:128) ~[junit-platform-engine-1.11.3.jar:1.11.3]
	at org.junit.platform.engine.support.hierarchical.NodeTestTask.execute(NodeTestTask.java:95) ~[junit-platform-engine-1.11.3.jar:1.11.3]
	at java.base/java.util.ArrayList.forEach(ArrayList.java:1511) ~[na:na]
	at org.junit.platform.engine.support.hierarchical.SameThreadHierarchicalTestExecutorService.invokeAll(SameThreadHierarchicalTestExecutorService.java:41) ~[junit-platform-engine-1.11.3.jar:1.11.3]
	at org.junit.platform.engine.support.hierarchical.NodeTestTask.lambda$executeRecursively$6(NodeTestTask.java:160) ~[junit-platform-engine-1.11.3.jar:1.11.3]
	at org.junit.platform.engine.support.hierarchical.ThrowableCollector.execute(ThrowableCollector.java:73) ~[junit-platform-engine-1.11.3.jar:1.11.3]
	at org.junit.platform.engine.support.hierarchical.NodeTestTask.lambda$executeRecursively$8(NodeTestTask.java:146) ~[junit-platform-engine-1.11.3.jar:1.11.3]
	at org.junit.platform.engine.support.hierarchical.Node.around(Node.java:137) ~[junit-platform-engine-1.11.3.jar:1.11.3]
	at org.junit.platform.engine.support.hierarchical.NodeTestTask.lambda$executeRecursively$9(NodeTestTask.java:144) ~[junit-platform-engine-1.11.3.jar:1.11.3]
	at org.junit.platform.engine.support.hierarchical.ThrowableCollector.execute(ThrowableCollector.java:73) ~[junit-platform-engine-1.11.3.jar:1.11.3]
	at org.junit.platform.engine.support.hierarchical.NodeTestTask.executeRecursively(NodeTestTask.java:143) ~[junit-platform-engine-1.11.3.jar:1.11.3]
	at org.junit.platform.engine.support.hierarchical.NodeTestTask.execute(NodeTestTask.java:100) ~[junit-platform-engine-1.11.3.jar:1.11.3]
	at java.base/java.util.ArrayList.forEach(ArrayList.java:1511) ~[na:na]
	at org.junit.platform.engine.support.hierarchical.SameThreadHierarchicalTestExecutorService.invokeAll(SameThreadHierarchicalTestExecutorService.java:41) ~[junit-platform-engine-1.11.3.jar:1.11.3]
	at org.junit.platform.engine.support.hierarchical.NodeTestTask.lambda$executeRecursively$6(NodeTestTask.java:160) ~[junit-platform-engine-1.11.3.jar:1.11.3]
         - 
@ConditionalOnClass 
did not find 
required class 'jakar
ta.transaction.Transa
ctionManager' 
(OnClassCondition)


Exclusions:
-----------

    None


Unconditional 
classes:
---------------------
-

    org.springframewo
rk.boot.autoconfigure
.context.Configuratio
nPropertiesAutoConfig
uration

    org.springframewo
rk.boot.autoconfigure
.ssl.SslAutoConfigura
tion

    org.springframewo
rk.boot.autoconfigure
.context.LifecycleAut
oConfiguration

    org.springframewo
rk.boot.autoconfigure
.context.PropertyPlac
eholderAutoConfigurat
ion

    org.springframewo
rk.boot.autoconfigure
.availability.Applica
tionAvailabilityAutoC
onfiguration

    org.springframewo
rk.boot.autoconfigure
.info.ProjectInfoAuto
Configuration



	at org.junit.platform.engine.support.hierarchical.ThrowableCollector.execute(ThrowableCollector.java:73) ~[junit-platform-engine-1.11.3.jar:1.11.3]
	at org.junit.platform.engine.support.hierarchical.NodeTestTask.lambda$executeRecursively$8(NodeTestTask.java:146) ~[junit-platform-engine-1.11.3.jar:1.11.3]
	at org.junit.platform.engine.support.hierarchical.Node.around(Node.java:137) ~[junit-platform-engine-1.11.3.jar:1.11.3]
	at org.junit.platform.engine.support.hierarchical.NodeTestTask.lambda$executeRecursively$9(NodeTestTask.java:144) ~[junit-platform-engine-1.11.3.jar:1.11.3]
	at org.junit.platform.engine.support.hierarchical.ThrowableCollector.execute(ThrowableCollector.java:73) ~[junit-platform-engine-1.11.3.jar:1.11.3]
	at org.junit.platform.engine.support.hierarchical.NodeTestTask.executeRecursively(NodeTestTask.java:143) ~[junit-platform-engine-1.11.3.jar:1.11.3]
	at org.junit.platform.engine.support.hierarchical.NodeTestTask.execute(NodeTestTask.java:100) ~[junit-platform-engine-1.11.3.jar:1.11.3]
	at org.junit.platform.engine.support.hierarchical.SameThreadHierarchicalTestExecutorService.submit(SameThreadHierarchicalTestExecutorService.java:35) ~[junit-platform-engine-1.11.3.jar:1.11.3]
	at org.junit.platform.engine.support.hierarchical.HierarchicalTestExecutor.execute(HierarchicalTestExecutor.java:57) ~[junit-platform-engine-1.11.3.jar:1.11.3]
	at org.junit.platform.engine.support.hierarchical.HierarchicalTestEngine.execute(HierarchicalTestEngine.java:54) ~[junit-platform-engine-1.11.3.jar:1.11.3]
	at org.junit.platform.launcher.core.EngineExecutionOrchestrator.execute(EngineExecutionOrchestrator.java:198) ~[junit-platform-launcher-1.11.3.jar:1.11.3]
	at org.junit.platform.launcher.core.EngineExecutionOrchestrator.execute(EngineExecutionOrchestrator.java:169) ~[junit-platform-launcher-1.11.3.jar:1.11.3]
	at org.junit.platform.launcher.core.EngineExecutionOrchestrator.execute(EngineExecutionOrchestrator.java:93) ~[junit-platform-launcher-1.11.3.jar:1.11.3]
	at org.junit.platform.launcher.core.EngineExecutionOrchestrator.lambda$execute$0(EngineExecutionOrchestrator.java:58) ~[junit-platform-launcher-1.11.3.jar:1.11.3]
	at org.junit.platform.launcher.core.EngineExecutionOrchestrator.withInterceptedStreams(EngineExecutionOrchestrator.java:141) ~[junit-platform-launcher-1.11.3.jar:1.11.3]
	at org.junit.platform.launcher.core.EngineExecutionOrchestrator.execute(EngineExecutionOrchestrator.java:57) ~[junit-platform-launcher-1.11.3.jar:1.11.3]
	at org.junit.platform.launcher.core.DefaultLauncher.execute(DefaultLauncher.java:103) ~[junit-platform-launcher-1.11.3.jar:1.11.3]
	at org.junit.platform.launcher.core.DefaultLauncher.execute(DefaultLauncher.java:85) ~[junit-platform-launcher-1.11.3.jar:1.11.3]
	at org.junit.platform.launcher.core.DelegatingLauncher.execute(DelegatingLauncher.java:47) ~[junit-platform-launcher-1.11.3.jar:1.11.3]
	at org.apache.maven.surefire.junitplatform.LazyLauncher.execute(LazyLauncher.java:56) ~[surefire-junit-platform-3.5.2.jar:3.5.2]
	at org.apache.maven.surefire.junitplatform.JUnitPlatformProvider.execute(JUnitPlatformProvider.java:184) ~[surefire-junit-platform-3.5.2.jar:3.5.2]
	at org.apache.maven.surefire.junitplatform.JUnitPlatformProvider.invokeAllTests(JUnitPlatformProvider.java:148) ~[surefire-junit-platform-3.5.2.jar:3.5.2]
	at org.apache.maven.surefire.junitplatform.JUnitPlatformProvider.invoke(JUnitPlatformProvider.java:122) ~[surefire-junit-platform-3.5.2.jar:3.5.2]
	at org.apache.maven.surefire.booter.ForkedBooter.runSuitesInProcess(ForkedBooter.java:385) ~[surefire-booter-3.5.2.jar:3.5.2]
	at org.apache.maven.surefire.booter.ForkedBooter.execute(ForkedBooter.java:162) ~[surefire-booter-3.5.2.jar:3.5.2]
	at org.apache.maven.surefire.booter.ForkedBooter.run(ForkedBooter.java:507) ~[surefire-booter-3.5.2.jar:3.5.2]
	at org.apache.maven.surefire.booter.ForkedBooter.main(ForkedBooter.java:495) ~[surefire-booter-3.5.2.jar:3.5.2]
Caused by: org.springframework.beans.factory.UnsatisfiedDependencyException: Error creating bean with name 'fixTransactionAndAuth' defined in class path resource [de/flapdoodle/embed/mongo/spring/autoconfigure/EmbeddedMongoAutoConfiguration.class]: Unsatisfied dependency expressed through method 'fixTransactionAndAuth' parameter 1: Error creating bean with name 'net' defined in class path resource [de/flapdoodle/embed/mongo/spring/autoconfigure/EmbeddedMongoAutoConfiguration.class]: Failed to instantiate [de.flapdoodle.embed.mongo.config.Net]: Factory method 'net' threw exception with message: Failed looking up TXT record for host cluster0.dknkkoi.mongodb.net
	at org.springframework.beans.factory.support.ConstructorResolver.createArgumentArray(ConstructorResolver.java:804) ~[spring-beans-6.2.0.jar:6.2.0]
	at org.springframework.beans.factory.support.ConstructorResolver.instantiateUsingFactoryMethod(ConstructorResolver.java:546) ~[spring-beans-6.2.0.jar:6.2.0]
	at org.springframework.beans.factory.support.AbstractAutowireCapableBeanFactory.instantiateUsingFactoryMethod(AbstractAutowireCapableBeanFactory.java:1351) ~[spring-beans-6.2.0.jar:6.2.0]
	at org.springframework.beans.factory.support.AbstractAutowireCapableBeanFactory.createBeanInstance(AbstractAutowireCapableBeanFactory.java:1181) ~[spring-beans-6.2.0.jar:6.2.0]
	at org.springframework.beans.factory.support.AbstractAutowireCapableBeanFactory.doCreateBean(AbstractAutowireCapableBeanFactory.java:563) ~[spring-beans-6.2.0.jar:6.2.0]
	at org.springframework.beans.factory.support.AbstractAutowireCapableBeanFactory.createBean(AbstractAutowireCapableBeanFactory.java:523) ~[spring-beans-6.2.0.jar:6.2.0]
	at org.springframework.beans.factory.support.AbstractBeanFactory.lambda$doGetBean$0(AbstractBeanFactory.java:336) ~[spring-beans-6.2.0.jar:6.2.0]
	at org.springframework.beans.factory.support.DefaultSingletonBeanRegistry.getSingleton(DefaultSingletonBeanRegistry.java:288) ~[spring-beans-6.2.0.jar:6.2.0]
	at org.springframework.beans.factory.support.AbstractBeanFactory.doGetBean(AbstractBeanFactory.java:334) ~[spring-beans-6.2.0.jar:6.2.0]
	at org.springframework.beans.factory.support.AbstractBeanFactory.getBean(AbstractBeanFactory.java:204) ~[spring-beans-6.2.0.jar:6.2.0]
	at org.springframework.context.support.PostProcessorRegistrationDelegate.registerBeanPostProcessors(PostProcessorRegistrationDelegate.java:277) ~[spring-context-6.2.0.jar:6.2.0]
	at org.springframework.context.support.AbstractApplicationContext.registerBeanPostProcessors(AbstractApplicationContext.java:808) ~[spring-context-6.2.0.jar:6.2.0]
	at org.springframework.context.support.AbstractApplicationContext.refresh(AbstractApplicationContext.java:611) ~[spring-context-6.2.0.jar:6.2.0]
	at org.springframework.boot.SpringApplication.refresh(SpringApplication.java:752) ~[spring-boot-3.4.0.jar:3.4.0]
	at org.springframework.boot.SpringApplication.refreshContext(SpringApplication.java:439) ~[spring-boot-3.4.0.jar:3.4.0]
	at org.springframework.boot.SpringApplication.run(SpringApplication.java:318) ~[spring-boot-3.4.0.jar:3.4.0]
	at org.springframework.boot.test.context.SpringBootContextLoader.lambda$loadContext$3(SpringBootContextLoader.java:137) ~[spring-boot-test-3.4.0.jar:3.4.0]
	at org.springframework.util.function.ThrowingSupplier.get(ThrowingSupplier.java:58) ~[spring-core-6.2.0.jar:6.2.0]
	at org.springframework.util.function.ThrowingSupplier.get(ThrowingSupplier.java:46) ~[spring-core-6.2.0.jar:6.2.0]
	at org.springframework.boot.SpringApplication.withHook(SpringApplication.java:1461) ~[spring-boot-3.4.0.jar:3.4.0]
	at org.springframework.boot.test.context.SpringBootContextLoader$ContextLoaderHook.run(SpringBootContextLoader.java:553) ~[spring-boot-test-3.4.0.jar:3.4.0]
	at org.springframework.boot.test.context.SpringBootContextLoader.loadContext(SpringBootContextLoader.java:137) ~[spring-boot-test-3.4.0.jar:3.4.0]
	at org.springframework.boot.test.context.SpringBootContextLoader.loadContext(SpringBootContextLoader.java:108) ~[spring-boot-test-3.4.0.jar:3.4.0]
	at org.springframework.test.context.cache.DefaultCacheAwareContextLoaderDelegate.loadContextInternal(DefaultCacheAwareContextLoaderDelegate.java:225) ~[spring-test-6.2.0.jar:6.2.0]
	at org.springframework.test.context.cache.DefaultCacheAwareContextLoaderDelegate.loadContext(DefaultCacheAwareContextLoaderDelegate.java:152) ~[spring-test-6.2.0.jar:6.2.0]
	... 75 common frames omitted
Caused by: org.springframework.beans.factory.BeanCreationException: Error creating bean with name 'net' defined in class path resource [de/flapdoodle/embed/mongo/spring/autoconfigure/EmbeddedMongoAutoConfiguration.class]: Failed to instantiate [de.flapdoodle.embed.mongo.config.Net]: Factory method 'net' threw exception with message: Failed looking up TXT record for host cluster0.dknkkoi.mongodb.net
	at org.springframework.beans.factory.support.ConstructorResolver.instantiate(ConstructorResolver.java:657) ~[spring-beans-6.2.0.jar:6.2.0]
	at org.springframework.beans.factory.support.ConstructorResolver.instantiateUsingFactoryMethod(ConstructorResolver.java:645) ~[spring-beans-6.2.0.jar:6.2.0]
	at org.springframework.beans.factory.support.AbstractAutowireCapableBeanFactory.instantiateUsingFactoryMethod(AbstractAutowireCapableBeanFactory.java:1351) ~[spring-beans-6.2.0.jar:6.2.0]
	at org.springframework.beans.factory.support.AbstractAutowireCapableBeanFactory.createBeanInstance(AbstractAutowireCapableBeanFactory.java:1181) ~[spring-beans-6.2.0.jar:6.2.0]
	at org.springframework.beans.factory.support.AbstractAutowireCapableBeanFactory.doCreateBean(AbstractAutowireCapableBeanFactory.java:563) ~[spring-beans-6.2.0.jar:6.2.0]
	at org.springframework.beans.factory.support.AbstractAutowireCapableBeanFactory.createBean(AbstractAutowireCapableBeanFactory.java:523) ~[spring-beans-6.2.0.jar:6.2.0]
	at org.springframework.beans.factory.support.AbstractBeanFactory.lambda$doGetBean$0(AbstractBeanFactory.java:336) ~[spring-beans-6.2.0.jar:6.2.0]
	at org.springframework.beans.factory.support.DefaultSingletonBeanRegistry.getSingleton(DefaultSingletonBeanRegistry.java:288) ~[spring-beans-6.2.0.jar:6.2.0]
	at org.springframework.beans.factory.support.AbstractBeanFactory.doGetBean(AbstractBeanFactory.java:334) ~[spring-beans-6.2.0.jar:6.2.0]
	at org.springframework.beans.factory.support.AbstractBeanFactory.getBean(AbstractBeanFactory.java:199) ~[spring-beans-6.2.0.jar:6.2.0]
	at org.springframework.beans.factory.support.AbstractBeanFactory.doGetBean(AbstractBeanFactory.java:312) ~[spring-beans-6.2.0.jar:6.2.0]
	at org.springframework.beans.factory.support.AbstractBeanFactory.getBean(AbstractBeanFactory.java:199) ~[spring-beans-6.2.0.jar:6.2.0]
	at org.springframework.beans.factory.config.DependencyDescriptor.resolveCandidate(DependencyDescriptor.java:254) ~[spring-beans-6.2.0.jar:6.2.0]
	at org.springframework.beans.factory.support.DefaultListableBeanFactory.doResolveDependency(DefaultListableBeanFactory.java:1626) ~[spring-beans-6.2.0.jar:6.2.0]
	at org.springframework.beans.factory.support.DefaultListableBeanFactory.resolveDependency(DefaultListableBeanFactory.java:1514) ~[spring-beans-6.2.0.jar:6.2.0]
	at org.springframework.beans.factory.support.ConstructorResolver.resolveAutowiredArgument(ConstructorResolver.java:913) ~[spring-beans-6.2.0.jar:6.2.0]
	at org.springframework.beans.factory.support.ConstructorResolver.createArgumentArray(ConstructorResolver.java:791) ~[spring-beans-6.2.0.jar:6.2.0]
	... 99 common frames omitted
Caused by: org.springframework.beans.BeanInstantiationException: Failed to instantiate [de.flapdoodle.embed.mongo.config.Net]: Factory method 'net' threw exception with message: Failed looking up TXT record for host cluster0.dknkkoi.mongodb.net
	at org.springframework.beans.factory.support.SimpleInstantiationStrategy.lambda$instantiate$0(SimpleInstantiationStrategy.java:199) ~[spring-beans-6.2.0.jar:6.2.0]
	at org.springframework.beans.factory.support.SimpleInstantiationStrategy.instantiateWithFactoryMethod(SimpleInstantiationStrategy.java:88) ~[spring-beans-6.2.0.jar:6.2.0]
	at org.springframework.beans.factory.support.SimpleInstantiationStrategy.instantiate(SimpleInstantiationStrategy.java:168) ~[spring-beans-6.2.0.jar:6.2.0]
	at org.springframework.beans.factory.support.ConstructorResolver.instantiate(ConstructorResolver.java:653) ~[spring-beans-6.2.0.jar:6.2.0]
	... 115 common frames omitted
Caused by: com.mongodb.MongoConfigurationException: Failed looking up TXT record for host cluster0.dknkkoi.mongodb.net
	at com.mongodb.internal.dns.DefaultDnsResolver.resolveAdditionalQueryParametersFromTxtRecords(DefaultDnsResolver.java:137) ~[mongodb-driver-core-5.2.1.jar:na]
	at com.mongodb.ConnectionString.<init>(ConnectionString.java:458) ~[mongodb-driver-core-5.2.1.jar:na]
	at com.mongodb.ConnectionString.<init>(ConnectionString.java:343) ~[mongodb-driver-core-5.2.1.jar:na]
	at org.springframework.boot.autoconfigure.mongo.MongoProperties.getMongoClientDatabase(MongoProperties.java:212) ~[spring-boot-autoconfigure-3.4.0.jar:3.4.0]
	at de.flapdoodle.embed.mongo.spring.autoconfigure.EmbeddedMongoAutoConfiguration.net(EmbeddedMongoAutoConfiguration.java:153) ~[de.flapdoodle.embed.mongo.spring30x-4.11.0.jar:na]
	at java.base/jdk.internal.reflect.DirectMethodHandleAccessor.invoke(DirectMethodHandleAccessor.java:104) ~[na:na]
	at java.base/java.lang.reflect.Method.invoke(Method.java:578) ~[na:na]
	at org.springframework.beans.factory.support.SimpleInstantiationStrategy.lambda$instantiate$0(SimpleInstantiationStrategy.java:171) ~[spring-beans-6.2.0.jar:6.2.0]
	... 118 common frames omitted
Caused by: com.mongodb.spi.dns.DnsException: DNS error
	at com.mongodb.internal.dns.JndiDnsClient.getResourceRecordData(JndiDnsClient.java:57) ~[mongodb-driver-core-5.2.1.jar:na]
	at com.mongodb.internal.dns.DefaultDnsResolver.resolveAdditionalQueryParametersFromTxtRecords(DefaultDnsResolver.java:118) ~[mongodb-driver-core-5.2.1.jar:na]
	... 125 common frames omitted
Caused by: javax.naming.CommunicationException: DNS error
	at jdk.naming.dns/com.sun.jndi.dns.DnsClient.query(DnsClient.java:321) ~[jdk.naming.dns:na]
	at jdk.naming.dns/com.sun.jndi.dns.Resolver.query(Resolver.java:81) ~[jdk.naming.dns:na]
	at jdk.naming.dns/com.sun.jndi.dns.DnsContext.c_getAttributes(DnsContext.java:434) ~[jdk.naming.dns:na]
	at java.naming/com.sun.jndi.toolkit.ctx.ComponentDirContext.p_getAttributes(ComponentDirContext.java:235) ~[na:na]
	at java.naming/com.sun.jndi.toolkit.ctx.PartialCompositeDirContext.getAttributes(PartialCompositeDirContext.java:141) ~[na:na]
	at java.naming/com.sun.jndi.toolkit.ctx.PartialCompositeDirContext.getAttributes(PartialCompositeDirContext.java:129) ~[na:na]
	at java.naming/javax.naming.directory.InitialDirContext.getAttributes(InitialDirContext.java:171) ~[na:na]
	at com.mongodb.internal.dns.JndiDnsClient.getResourceRecordData(JndiDnsClient.java:44) ~[mongodb-driver-core-5.2.1.jar:na]
	... 126 common frames omitted
Caused by: java.net.SocketTimeoutException: Receive timed out
	at java.base/sun.nio.ch.DatagramChannelImpl.trustedBlockingReceive(DatagramChannelImpl.java:732) ~[na:na]
	at java.base/sun.nio.ch.DatagramChannelImpl.blockingReceive(DatagramChannelImpl.java:661) ~[na:na]
	at java.base/sun.nio.ch.DatagramSocketAdaptor.receive(DatagramSocketAdaptor.java:241) ~[na:na]
	at java.base/java.net.DatagramSocket.receive(DatagramSocket.java:714) ~[na:na]
	at jdk.naming.dns/com.sun.jndi.dns.DnsClient.doUdpQuery(DnsClient.java:430) ~[jdk.naming.dns:na]
	at jdk.naming.dns/com.sun.jndi.dns.DnsClient.query(DnsClient.java:216) ~[jdk.naming.dns:na]
	... 133 common frames omitted

[ERROR] Tests run: 1, Failures: 0, Errors: 1, Skipped: 0, Time elapsed: 17.77 s <<< FAILURE! -- in com.rentspotter.RentSpotter.RentSpotterApplicationTests
[ERROR] com.rentspotter.RentSpotter.RentSpotterApplicationTests.contextLoads -- Time elapsed: 0.015 s <<< ERROR!
java.lang.IllegalStateException: Failed to load ApplicationContext for [WebMergedContextConfiguration@124dac75 testClass = com.rentspotter.RentSpotter.RentSpotterApplicationTests, locations = [], classes = [com.rentspotter.RentSpotter.RentSpotterApplication], contextInitializerClasses = [], activeProfiles = [], propertySourceDescriptors = [], propertySourceProperties = ["org.springframework.boot.test.context.SpringBootTestContextBootstrapper=true"], contextCustomizers = [org.springframework.boot.test.context.filter.ExcludeFilterContextCustomizer@7dc19a70, org.springframework.boot.test.json.DuplicateJsonObjectContextCustomizerFactory$DuplicateJsonObjectContextCustomizer@798162bc, org.springframework.boot.test.mock.mockito.MockitoContextCustomizer@0, org.springframework.boot.test.web.client.TestRestTemplateContextCustomizer@5be1d0a4, org.springframework.boot.test.web.reactor.netty.DisableReactorResourceFactoryGlobalResourcesContextCustomizerFactory$DisableReactorResourceFactoryGlobalResourcesContextCustomizerCustomizer@24959ca4, org.springframework.boot.test.autoconfigure.OnFailureConditionReportContextCustomizerFactory$OnFailureConditionReportContextCustomizer@461ad730, org.springframework.boot.test.autoconfigure.actuate.observability.ObservabilityContextCustomizerFactory$DisableObservabilityContextCustomizer@1f, org.springframework.boot.test.autoconfigure.properties.PropertyMappingContextCustomizer@0, org.springframework.boot.test.autoconfigure.web.servlet.WebDriverContextCustomizer@79defdc, org.springframework.test.context.support.DynamicPropertiesContextCustomizer@0, org.springframework.boot.test.context.SpringBootTestAnnotation@a66eb40e], resourceBasePath = "src/main/webapp", contextLoader = org.springframework.boot.test.context.SpringBootContextLoader, parent = null]
	at org.springframework.test.context.cache.DefaultCacheAwareContextLoaderDelegate.loadContext(DefaultCacheAwareContextLoaderDelegate.java:180)
	at org.springframework.test.context.support.DefaultTestContext.getApplicationContext(DefaultTestContext.java:130)
	at org.springframework.test.context.web.ServletTestExecutionListener.setUpRequestContextIfNecessary(ServletTestExecutionListener.java:191)
	at org.springframework.test.context.web.ServletTestExecutionListener.prepareTestInstance(ServletTestExecutionListener.java:130)
	at org.springframework.test.context.TestContextManager.prepareTestInstance(TestContextManager.java:260)
	at org.springframework.test.context.junit.jupiter.SpringExtension.postProcessTestInstance(SpringExtension.java:160)
	at java.base/java.util.stream.ForEachOps$ForEachOp$OfRef.accept(ForEachOps.java:183)
	at java.base/java.util.stream.ReferencePipeline$3$1.accept(ReferencePipeline.java:197)
	at java.base/java.util.stream.ReferencePipeline$2$1.accept(ReferencePipeline.java:179)
	at java.base/java.util.stream.ReferencePipeline$3$1.accept(ReferencePipeline.java:197)
	at java.base/java.util.ArrayList$ArrayListSpliterator.forEachRemaining(ArrayList.java:1625)
	at java.base/java.util.stream.AbstractPipeline.copyInto(AbstractPipeline.java:509)
	at java.base/java.util.stream.AbstractPipeline.wrapAndCopyInto(AbstractPipeline.java:499)
	at java.base/java.util.stream.ForEachOps$ForEachOp.evaluateSequential(ForEachOps.java:150)
	at java.base/java.util.stream.ForEachOps$ForEachOp$OfRef.evaluateSequential(ForEachOps.java:173)
	at java.base/java.util.stream.AbstractPipeline.evaluate(AbstractPipeline.java:234)
	at java.base/java.util.stream.ReferencePipeline.forEach(ReferencePipeline.java:596)
	at java.base/java.util.Optional.orElseGet(Optional.java:364)
	at java.base/java.util.ArrayList.forEach(ArrayList.java:1511)
	at java.base/java.util.ArrayList.forEach(ArrayList.java:1511)
Caused by: org.springframework.beans.factory.UnsatisfiedDependencyException: Error creating bean with name 'fixTransactionAndAuth' defined in class path resource [de/flapdoodle/embed/mongo/spring/autoconfigure/EmbeddedMongoAutoConfiguration.class]: Unsatisfied dependency expressed through method 'fixTransactionAndAuth' parameter 1: Error creating bean with name 'net' defined in class path resource [de/flapdoodle/embed/mongo/spring/autoconfigure/EmbeddedMongoAutoConfiguration.class]: Failed to instantiate [de.flapdoodle.embed.mongo.config.Net]: Factory method 'net' threw exception with message: Failed looking up TXT record for host cluster0.dknkkoi.mongodb.net
	at org.springframework.beans.factory.support.ConstructorResolver.createArgumentArray(ConstructorResolver.java:804)
	at org.springframework.beans.factory.support.ConstructorResolver.instantiateUsingFactoryMethod(ConstructorResolver.java:546)
	at org.springframework.beans.factory.support.AbstractAutowireCapableBeanFactory.instantiateUsingFactoryMethod(AbstractAutowireCapableBeanFactory.java:1351)
	at org.springframework.beans.factory.support.AbstractAutowireCapableBeanFactory.createBeanInstance(AbstractAutowireCapableBeanFactory.java:1181)
	at org.springframework.beans.factory.support.AbstractAutowireCapableBeanFactory.doCreateBean(AbstractAutowireCapableBeanFactory.java:563)
	at org.springframework.beans.factory.support.AbstractAutowireCapableBeanFactory.createBean(AbstractAutowireCapableBeanFactory.java:523)
	at org.springframework.beans.factory.support.AbstractBeanFactory.lambda$doGetBean$0(AbstractBeanFactory.java:336)
	at org.springframework.beans.factory.support.DefaultSingletonBeanRegistry.getSingleton(DefaultSingletonBeanRegistry.java:288)
	at org.springframework.beans.factory.support.AbstractBeanFactory.doGetBean(AbstractBeanFactory.java:334)
	at org.springframework.beans.factory.support.AbstractBeanFactory.getBean(AbstractBeanFactory.java:204)
	at org.springframework.context.support.PostProcessorRegistrationDelegate.registerBeanPostProcessors(PostProcessorRegistrationDelegate.java:277)
	at org.springframework.context.support.AbstractApplicationContext.registerBeanPostProcessors(AbstractApplicationContext.java:808)
	at org.springframework.context.support.AbstractApplicationContext.refresh(AbstractApplicationContext.java:611)
	at org.springframework.boot.SpringApplication.refresh(SpringApplication.java:752)
	at org.springframework.boot.SpringApplication.refreshContext(SpringApplication.java:439)
	at org.springframework.boot.SpringApplication.run(SpringApplication.java:318)
	at org.springframework.boot.test.context.SpringBootContextLoader.lambda$loadContext$3(SpringBootContextLoader.java:137)
	at org.springframework.util.function.ThrowingSupplier.get(ThrowingSupplier.java:58)
	at org.springframework.util.function.ThrowingSupplier.get(ThrowingSupplier.java:46)
	at org.springframework.boot.SpringApplication.withHook(SpringApplication.java:1461)
	at org.springframework.boot.test.context.SpringBootContextLoader$ContextLoaderHook.run(SpringBootContextLoader.java:553)
	at org.springframework.boot.test.context.SpringBootContextLoader.loadContext(SpringBootContextLoader.java:137)
	at org.springframework.boot.test.context.SpringBootContextLoader.loadContext(SpringBootContextLoader.java:108)
	at org.springframework.test.context.cache.DefaultCacheAwareContextLoaderDelegate.loadContextInternal(DefaultCacheAwareContextLoaderDelegate.java:225)
	at org.springframework.test.context.cache.DefaultCacheAwareContextLoaderDelegate.loadContext(DefaultCacheAwareContextLoaderDelegate.java:152)
	... 19 more
Caused by: org.springframework.beans.factory.BeanCreationException: Error creating bean with name 'net' defined in class path resource [de/flapdoodle/embed/mongo/spring/autoconfigure/EmbeddedMongoAutoConfiguration.class]: Failed to instantiate [de.flapdoodle.embed.mongo.config.Net]: Factory method 'net' threw exception with message: Failed looking up TXT record for host cluster0.dknkkoi.mongodb.net
	at org.springframework.beans.factory.support.ConstructorResolver.instantiate(ConstructorResolver.java:657)
	at org.springframework.beans.factory.support.ConstructorResolver.instantiateUsingFactoryMethod(ConstructorResolver.java:645)
	at org.springframework.beans.factory.support.AbstractAutowireCapableBeanFactory.instantiateUsingFactoryMethod(AbstractAutowireCapableBeanFactory.java:1351)
	at org.springframework.beans.factory.support.AbstractAutowireCapableBeanFactory.createBeanInstance(AbstractAutowireCapableBeanFactory.java:1181)
	at org.springframework.beans.factory.support.AbstractAutowireCapableBeanFactory.doCreateBean(AbstractAutowireCapableBeanFactory.java:563)
	at org.springframework.beans.factory.support.AbstractAutowireCapableBeanFactory.createBean(AbstractAutowireCapableBeanFactory.java:523)
	at org.springframework.beans.factory.support.AbstractBeanFactory.lambda$doGetBean$0(AbstractBeanFactory.java:336)
	at org.springframework.beans.factory.support.DefaultSingletonBeanRegistry.getSingleton(DefaultSingletonBeanRegistry.java:288)
	at org.springframework.beans.factory.support.AbstractBeanFactory.doGetBean(AbstractBeanFactory.java:334)
	at org.springframework.beans.factory.support.AbstractBeanFactory.getBean(AbstractBeanFactory.java:199)
	at org.springframework.beans.factory.support.AbstractBeanFactory.doGetBean(AbstractBeanFactory.java:312)
	at org.springframework.beans.factory.support.AbstractBeanFactory.getBean(AbstractBeanFactory.java:199)
	at org.springframework.beans.factory.config.DependencyDescriptor.resolveCandidate(DependencyDescriptor.java:254)
	at org.springframework.beans.factory.support.DefaultListableBeanFactory.doResolveDependency(DefaultListableBeanFactory.java:1626)
	at org.springframework.beans.factory.support.DefaultListableBeanFactory.resolveDependency(DefaultListableBeanFactory.java:1514)
	at org.springframework.beans.factory.support.ConstructorResolver.resolveAutowiredArgument(ConstructorResolver.java:913)
	at org.springframework.beans.factory.support.ConstructorResolver.createArgumentArray(ConstructorResolver.java:791)
	... 43 more
Caused by: org.springframework.beans.BeanInstantiationException: Failed to instantiate [de.flapdoodle.embed.mongo.config.Net]: Factory method 'net' threw exception with message: Failed looking up TXT record for host cluster0.dknkkoi.mongodb.net
	at org.springframework.beans.factory.support.SimpleInstantiationStrategy.lambda$instantiate$0(SimpleInstantiationStrategy.java:199)
	at org.springframework.beans.factory.support.SimpleInstantiationStrategy.instantiateWithFactoryMethod(SimpleInstantiationStrategy.java:88)
	at org.springframework.beans.factory.support.SimpleInstantiationStrategy.instantiate(SimpleInstantiationStrategy.java:168)
	at org.springframework.beans.factory.support.ConstructorResolver.instantiate(ConstructorResolver.java:653)
	... 59 more
Caused by: com.mongodb.MongoConfigurationException: Failed looking up TXT record for host cluster0.dknkkoi.mongodb.net
	at com.mongodb.internal.dns.DefaultDnsResolver.resolveAdditionalQueryParametersFromTxtRecords(DefaultDnsResolver.java:137)
	at com.mongodb.ConnectionString.<init>(ConnectionString.java:458)
	at com.mongodb.ConnectionString.<init>(ConnectionString.java:343)
	at org.springframework.boot.autoconfigure.mongo.MongoProperties.getMongoClientDatabase(MongoProperties.java:212)
	at de.flapdoodle.embed.mongo.spring.autoconfigure.EmbeddedMongoAutoConfiguration.net(EmbeddedMongoAutoConfiguration.java:153)
	at java.base/java.lang.reflect.Method.invoke(Method.java:578)
	at org.springframework.beans.factory.support.SimpleInstantiationStrategy.lambda$instantiate$0(SimpleInstantiationStrategy.java:171)
	... 62 more
Caused by: com.mongodb.spi.dns.DnsException: DNS error
	at com.mongodb.internal.dns.JndiDnsClient.getResourceRecordData(JndiDnsClient.java:57)
	at com.mongodb.internal.dns.DefaultDnsResolver.resolveAdditionalQueryParametersFromTxtRecords(DefaultDnsResolver.java:118)
	... 68 more
Caused by: javax.naming.CommunicationException: DNS error [Root exception is java.net.SocketTimeoutException: Receive timed out]; remaining name 'cluster0.dknkkoi.mongodb.net'
	at jdk.naming.dns/com.sun.jndi.dns.DnsClient.query(DnsClient.java:321)
	at jdk.naming.dns/com.sun.jndi.dns.Resolver.query(Resolver.java:81)
	at jdk.naming.dns/com.sun.jndi.dns.DnsContext.c_getAttributes(DnsContext.java:434)
	at java.naming/com.sun.jndi.toolkit.ctx.ComponentDirContext.p_getAttributes(ComponentDirContext.java:235)
	at java.naming/com.sun.jndi.toolkit.ctx.PartialCompositeDirContext.getAttributes(PartialCompositeDirContext.java:141)
	at java.naming/com.sun.jndi.toolkit.ctx.PartialCompositeDirContext.getAttributes(PartialCompositeDirContext.java:129)
	at java.naming/javax.naming.directory.InitialDirContext.getAttributes(InitialDirContext.java:171)
	at com.mongodb.internal.dns.JndiDnsClient.getResourceRecordData(JndiDnsClient.java:44)
	... 69 more
Caused by: java.net.SocketTimeoutException: Receive timed out
	at java.base/sun.nio.ch.DatagramChannelImpl.trustedBlockingReceive(DatagramChannelImpl.java:732)
	at java.base/sun.nio.ch.DatagramChannelImpl.blockingReceive(DatagramChannelImpl.java:661)
	at java.base/sun.nio.ch.DatagramSocketAdaptor.receive(DatagramSocketAdaptor.java:241)
	at java.base/java.net.DatagramSocket.receive(DatagramSocket.java:714)
	at jdk.naming.dns/com.sun.jndi.dns.DnsClient.doUdpQuery(DnsClient.java:430)
	at jdk.naming.dns/com.sun.jndi.dns.DnsClient.query(DnsClient.java:216)
	... 76 more

[INFO] 
[INFO] Results:
[INFO] 
[ERROR] Errors: 
[ERROR]   RentSpotterApplicationTests.contextLoads ╗ IllegalState Failed to load ApplicationContext for [WebMergedContextConfiguration@124dac75 testClass = com.rentspotter.RentSpotter.RentSpotterApplicationTests, locations = [], classes = [com.rentspotter.RentSpotter.RentSpotterApplication], contextInitializerClasses = [], activeProfiles = [], propertySourceDescriptors = [], propertySourceProperties = ["org.springframework.boot.test.context.SpringBootTestContextBootstrapper=true"], contextCustomizers = [org.springframework.boot.test.context.filter.ExcludeFilterContextCustomizer@7dc19a70, org.springframework.boot.test.json.DuplicateJsonObjectContextCustomizerFactory$DuplicateJsonObjectContextCustomizer@798162bc, org.springframework.boot.test.mock.mockito.MockitoContextCustomizer@0, org.springframework.boot.test.web.client.TestRestTemplateContextCustomizer@5be1d0a4, org.springframework.boot.test.web.reactor.netty.DisableReactorResourceFactoryGlobalResourcesContextCustomizerFactory$DisableReactorResourceFactoryGlobalResourcesContextCustomizerCustomizer@24959ca4, org.springframework.boot.test.autoconfigure.OnFailureConditionReportContextCustomizerFactory$OnFailureConditionReportContextCustomizer@461ad730, org.springframework.boot.test.autoconfigure.actuate.observability.ObservabilityContextCustomizerFactory$DisableObservabilityContextCustomizer@1f, org.springframework.boot.test.autoconfigure.properties.PropertyMappingContextCustomizer@0, org.springframework.boot.test.autoconfigure.web.servlet.WebDriverContextCustomizer@79defdc, org.springframework.test.context.support.DynamicPropertiesContextCustomizer@0, org.springframework.boot.test.context.SpringBootTestAnnotation@a66eb40e], resourceBasePath = "src/main/webapp", contextLoader = org.springframework.boot.test.context.SpringBootContextLoader, parent = null]
[INFO] 
[ERROR] Tests run: 1, Failures: 0, Errors: 1, Skipped: 0
[INFO] 
[INFO] ------------------------------------------------------------------------
[INFO] BUILD FAILURE
[INFO] ------------------------------------------------------------------------
[INFO] Total time:  25.725 s
[INFO] Finished at: 2025-12-26T13:25:26+08:00
[INFO] ------------------------------------------------------------------------
[ERROR] Failed to execute goal org.apache.maven.plugins:maven-surefire-plugin:3.5.2:test (default-test) on project RentSpotter: 
[ERROR] 
[ERROR] See D:\workspace\RentSpotter\backend\target\surefire-reports for the individual test results.
[ERROR] See dump files (if any exist) [date].dump, [date]-jvmRun[N].dump and [date].dumpstream.
[ERROR] -> [Help 1]
[ERROR] 
[ERROR] To see the full stack trace of the errors, re-run Maven with the -e switch.
[ERROR] Re-run Maven using the -X switch to enable full debug logging.
[ERROR] 
[ERROR] For more information about the errors and possible solutions, please read the following articles:
[ERROR] [Help 1] http://cwiki.apache.org/confluence/display/MAVEN/MojoFailureException
