[INFO] Scanning for projects...
[INFO] 
[INFO] --------------------< com.rentspotter:RentSpotter >---------------------
[INFO] Building RentSpotter 0.0.1-SNAPSHOT
[INFO]   from pom.xml
[INFO] --------------------------------[ jar ]---------------------------------
[INFO] 
[INFO] --- clean:3.4.0:clean (default-clean) @ RentSpotter ---
[INFO] Deleting D:\workspace\RentSpotter\backend\target
[INFO] 
[INFO] --- resources:3.3.1:resources (default-resources) @ RentSpotter ---
[INFO] Copying 1 resource from src\main\resources to target\classes
[INFO] Copying 0 resource from src\main\resources to target\classes
[INFO] 
[INFO] --- compiler:3.13.0:compile (default-compile) @ RentSpotter ---
[INFO] Recompiling the module because of changed source code.
[INFO] Compiling 15 source files with javac [debug parameters release 17] to target\classes
[INFO] -------------------------------------------------------------
[ERROR] COMPILATION ERROR : 
[INFO] -------------------------------------------------------------
[ERROR] /D:/workspace/RentSpotter/backend/src/main/java/com/rentspotter/RentSpotter/repository/RentalApplicationRepository.java:[10,8] interface ApplicationRepository is public, should be declared in a file named ApplicationRepository.java
[INFO] 1 error
[INFO] -------------------------------------------------------------
[INFO] ------------------------------------------------------------------------
[INFO] BUILD FAILURE
[INFO] ------------------------------------------------------------------------
[INFO] Total time:  3.019 s
[INFO] Finished at: 2025-12-26T13:27:23+08:00
[INFO] ------------------------------------------------------------------------
[ERROR] Failed to execute goal org.apache.maven.plugins:maven-compiler-plugin:3.13.0:compile (default-compile) on project RentSpotter: Compilation failure
[ERROR] /D:/workspace/RentSpotter/backend/src/main/java/com/rentspotter/RentSpotter/repository/RentalApplicationRepository.java:[10,8] interface ApplicationRepository is public, should be declared in a file named ApplicationRepository.java
[ERROR] 
[ERROR] -> [Help 1]
[ERROR] 
[ERROR] To see the full stack trace of the errors, re-run Maven with the -e switch.
[ERROR] Re-run Maven using the -X switch to enable full debug logging.
[ERROR] 
[ERROR] For more information about the errors and possible solutions, please read the following articles:
[ERROR] [Help 1] http://cwiki.apache.org/confluence/display/MAVEN/MojoFailureException
